2026-10-02 06:48:42,774 | HTTP Request: HEAD https://huggingface.co/google/vit-base-patch16-224/resolve/3f49326eb077187dfe1c2a2bb15fbd74e6ab91e3/processor_config.json "HTTP/1.1 404 Not Found"
2026-10-02 06:48:42,947 | HTTP Request: HEAD https://huggingface.co/google/vit-base-patch16-224/resolve/3f49326eb077187dfe1c2a2bb15fbd74e6ab91e3/processor_config.json "HTTP/1.1 404 Not Found"
2026-10-02 06:48:42,948 | Warning: You are sending unauthenticated requests to the HF Hub. Please set a HF_TOKEN to enable higher rate limits and faster downloads.
2026-10-02 06:48:43,581 | Config: {"data_root": "data", "manifest": "subject_disjoint/manifests/kfold5_fold2.csv", "out_dir": null, "model": "vit-base", "train_set": "base", "online_aug": "strong", "seed": 42, "epochs": 10, "batch_size": 8, "grad_accum": 4, "lr": 2e-05, "weight_decay": 0.01, "warmup_ratio": 0.1, "label_smoothing": 0.1, "grad_clip": 1.0, "patience": 3, "precision": "auto", "workers": 2, "resume": true, "smoke": false, "allow_subject_overlap": false, "model_id": "google/vit-base-patch16-224@3f49326eb077187dfe1c2a2bb15fbd74e6ab91e3", "n_variants": 1, "amp_dtype": "torch.bfloat16", "device": "cuda", "gpu": "NVIDIA GeForce RTX 3050 Ti Laptop GPU", "torch": "2.14.0+cu126", "transformers": "5.17.0", "python": "3.11.9", "total_steps": 15890, "warmup_steps": 1589, "images": {"train": 50839, "val": 17486, "test": 16573}, "train_samples_per_epoch": 50839}
2026-10-02 06:48:43,582 | Subjects train/val/test: 23/7/7
2026-10-02 06:49:47,484 |   epoch 1 step 500/6355 loss 0.5478 acc 76.65%
2026-10-02 06:50:45,502 |   epoch 1 step 1000/6355 loss 0.4232 acc 85.94%
2026-10-02 06:51:43,505 |   epoch 1 step 1500/6355 loss 0.3630 acc 89.74%
2026-10-02 06:52:41,509 |   epoch 1 step 2000/6355 loss 0.3323 acc 91.75%
2026-10-02 06:53:39,514 |   epoch 1 step 2500/6355 loss 0.3118 acc 93.05%
2026-10-02 06:54:37,535 |   epoch 1 step 3000/6355 loss 0.2988 acc 93.89%
2026-10-02 06:55:35,605 |   epoch 1 step 3500/6355 loss 0.2888 acc 94.53%
2026-10-02 06:56:33,615 |   epoch 1 step 4000/6355 loss 0.2816 acc 94.99%
2026-10-02 06:57:31,617 |   epoch 1 step 4500/6355 loss 0.2763 acc 95.34%
2026-10-02 06:58:29,631 |   epoch 1 step 5000/6355 loss 0.2716 acc 95.64%
2026-10-02 06:59:27,655 |   epoch 1 step 5500/6355 loss 0.2669 acc 95.92%
2026-10-02 07:00:25,665 |   epoch 1 step 6000/6355 loss 0.2637 acc 96.14%
2026-10-02 07:02:24,051 | Epoch 1: train loss 0.2619 acc 96.25% | val loss 0.2463 acc 97.16%  <- best (13.7 min)
2026-10-02 07:03:23,244 |   epoch 2 step 500/6355 loss 0.2309 acc 98.17%
2026-10-02 07:04:21,256 |   epoch 2 step 1000/6355 loss 0.2290 acc 98.29%
2026-10-02 07:05:19,267 |   epoch 2 step 1500/6355 loss 0.2275 acc 98.42%
2026-10-02 07:06:17,288 |   epoch 2 step 2000/6355 loss 0.2266 acc 98.41%
2026-10-02 07:07:15,305 |   epoch 2 step 2500/6355 loss 0.2258 acc 98.50%
2026-10-02 07:08:13,326 |   epoch 2 step 3000/6355 loss 0.2251 acc 98.54%
2026-10-02 07:09:11,343 |   epoch 2 step 3500/6355 loss 0.2245 acc 98.57%
2026-10-02 07:10:09,364 |   epoch 2 step 4000/6355 loss 0.2241 acc 98.58%
2026-10-02 07:11:07,385 |   epoch 2 step 4500/6355 loss 0.2239 acc 98.61%
2026-10-02 07:12:05,397 |   epoch 2 step 5000/6355 loss 0.2237 acc 98.62%
2026-10-02 07:13:03,419 |   epoch 2 step 5500/6355 loss 0.2236 acc 98.62%
2026-10-02 07:14:01,670 |   epoch 2 step 6000/6355 loss 0.2240 acc 98.59%
2026-10-02 07:15:54,144 | Epoch 2: train loss 0.2239 acc 98.60% | val loss 0.2396 acc 97.44%  <- best (13.5 min)
2026-10-02 07:16:53,219 |   epoch 3 step 500/6355 loss 0.2191 acc 98.78%
2026-10-02 07:17:51,232 |   epoch 3 step 1000/6355 loss 0.2184 acc 98.84%
2026-10-02 07:18:49,249 |   epoch 3 step 1500/6355 loss 0.2193 acc 98.82%
2026-10-02 07:19:47,253 |   epoch 3 step 2000/6355 loss 0.2195 acc 98.81%
2026-10-02 07:20:45,272 |   epoch 3 step 2500/6355 loss 0.2202 acc 98.75%
2026-10-02 07:21:38,014 |   epoch 3 step 3000/6355 loss 0.2200 acc 98.78%
2026-10-02 07:22:36,034 |   epoch 3 step 3500/6355 loss 0.2200 acc 98.76%
2026-10-02 07:23:34,035 |   epoch 3 step 4000/6355 loss 0.2197 acc 98.79%
2026-10-02 07:24:32,055 |   epoch 3 step 4500/6355 loss 0.2198 acc 98.78%
2026-10-02 07:25:30,069 |   epoch 3 step 5000/6355 loss 0.2196 acc 98.79%
2026-10-02 07:26:28,093 |   epoch 3 step 5500/6355 loss 0.2192 acc 98.82%
2026-10-02 07:27:26,101 |   epoch 3 step 6000/6355 loss 0.2190 acc 98.84%
2026-10-02 07:29:18,545 | Epoch 3: train loss 0.2189 acc 98.86% | val loss 0.2328 acc 98.09%  <- best (13.4 min)
2026-10-02 07:30:17,727 |   epoch 4 step 500/6355 loss 0.2165 acc 98.95%
2026-10-02 07:31:15,755 |   epoch 4 step 1000/6355 loss 0.2179 acc 98.90%
2026-10-02 07:32:13,760 |   epoch 4 step 1500/6355 loss 0.2181 acc 98.90%
2026-10-02 07:33:11,768 |   epoch 4 step 2000/6355 loss 0.2177 acc 98.91%
2026-10-02 07:34:09,779 |   epoch 4 step 2500/6355 loss 0.2172 acc 98.94%
2026-10-02 07:35:31,568 |   epoch 4 step 3000/6355 loss 0.2163 acc 98.99%
2026-10-02 07:36:56,332 |   epoch 4 step 3500/6355 loss 0.2165 acc 98.96%
2026-10-02 07:38:19,533 |   epoch 4 step 4000/6355 loss 0.2168 acc 98.94%
2026-10-02 07:39:13,193 |   epoch 4 step 4500/6355 loss 0.2169 acc 98.94%
2026-10-02 07:40:11,124 |   epoch 4 step 5000/6355 loss 0.2169 acc 98.94%
2026-10-02 07:41:09,174 |   epoch 4 step 5500/6355 loss 0.2165 acc 98.96%
2026-10-02 07:42:07,234 |   epoch 4 step 6000/6355 loss 0.2168 acc 98.94%
2026-10-02 07:43:59,880 | Epoch 4: train loss 0.2167 acc 98.95% | val loss 0.2623 acc 95.87% (14.7 min)
2026-10-02 07:44:59,469 |   epoch 5 step 500/6355 loss 0.2171 acc 98.92%
2026-10-02 07:45:58,471 |   epoch 5 step 1000/6355 loss 0.2157 acc 99.01%
2026-10-02 07:46:56,814 |   epoch 5 step 1500/6355 loss 0.2145 acc 99.08%
2026-10-02 07:47:55,265 |   epoch 5 step 2000/6355 loss 0.2147 acc 99.07%
2026-10-02 07:48:53,855 |   epoch 5 step 2500/6355 loss 0.2156 acc 99.03%
2026-10-02 07:49:52,659 |   epoch 5 step 3000/6355 loss 0.2156 acc 99.04%
2026-10-02 07:50:50,819 |   epoch 5 step 3500/6355 loss 0.2162 acc 98.99%
2026-10-02 07:51:48,830 |   epoch 5 step 4000/6355 loss 0.2158 acc 99.01%
2026-10-02 07:52:47,024 |   epoch 5 step 4500/6355 loss 0.2160 acc 99.00%
2026-10-02 07:53:45,189 |   epoch 5 step 5000/6355 loss 0.2159 acc 99.00%
2026-10-02 07:54:43,382 |   epoch 5 step 5500/6355 loss 0.2157 acc 99.03%
2026-10-02 07:55:41,537 |   epoch 5 step 6000/6355 loss 0.2154 acc 99.04%
2026-10-02 07:57:33,872 | Epoch 5: train loss 0.2153 acc 99.04% | val loss 0.2412 acc 97.64% (13.5 min)
2026-10-02 07:58:33,041 |   epoch 6 step 500/6355 loss 0.2183 acc 98.80%
2026-10-02 07:59:31,121 |   epoch 6 step 1000/6355 loss 0.2171 acc 98.84%
2026-10-02 08:00:29,184 |   epoch 6 step 1500/6355 loss 0.2164 acc 98.91%
2026-10-02 08:01:27,315 |   epoch 6 step 2000/6355 loss 0.2167 acc 98.90%
2026-10-02 08:02:25,349 |   epoch 6 step 2500/6355 loss 0.2159 acc 98.94%
2026-10-02 08:03:23,356 |   epoch 6 step 3000/6355 loss 0.2155 acc 98.98%
2026-10-02 08:04:21,381 |   epoch 6 step 3500/6355 loss 0.2153 acc 98.99%
2026-10-02 08:05:19,397 |   epoch 6 step 4000/6355 loss 0.2149 acc 99.02%
2026-10-02 08:06:17,422 |   epoch 6 step 4500/6355 loss 0.2147 acc 99.03%
2026-10-02 08:07:15,436 |   epoch 6 step 5000/6355 loss 0.2147 acc 99.05%
2026-10-02 08:08:13,452 |   epoch 6 step 5500/6355 loss 0.2144 acc 99.05%
2026-10-02 08:09:11,470 |   epoch 6 step 6000/6355 loss 0.2141 acc 99.07%
2026-10-02 08:11:03,950 | Epoch 6: train loss 0.2141 acc 99.08% | val loss 0.2448 acc 97.28% (13.5 min)
2026-10-02 08:11:04,987 | Early stopping after epoch 6
2026-10-02 08:12:17,047 | VAL: accuracy 98.09% (95% CI [97.876, 98.282]) | macro F1 98.08% | closed->open 1.50%
2026-10-02 08:13:32,147 | TEST: accuracy 99.11% (95% CI [98.958, 99.245]) | macro F1 99.11% | closed->open 0.64%
2026-10-02 08:13:32,147 | Per-subject test accuracy: {'s0007': 99.84, 's0014': 99.68, 's0018': 98.57, 's0023': 98.85, 's0024': 95.08, 's0034': 98.51, 's0035': 99.84}
2026-10-02 08:13:32,148 | Done. Outputs in B:\ViT Model\subject_disjoint\runs\kfold5_fold2_vit-base_base_strong_seed42
