=== fold 0 start Fri Oct  2 03:31:23 EDT 2026
Could not find platform independent libraries <prefix>
2026-10-02 03:31:28,624 | HTTP Request: HEAD https://huggingface.co/google/vit-base-patch16-224/resolve/3f49326eb077187dfe1c2a2bb15fbd74e6ab91e3/processor_config.json "HTTP/1.1 404 Not Found"
2026-10-02 03:31:28,800 | HTTP Request: HEAD https://huggingface.co/google/vit-base-patch16-224/resolve/3f49326eb077187dfe1c2a2bb15fbd74e6ab91e3/processor_config.json "HTTP/1.1 404 Not Found"
Warning: You are sending unauthenticated requests to the HF Hub. Please set a HF_TOKEN to enable higher rate limits and faster downloads.
2026-10-02 03:31:28,800 | Warning: You are sending unauthenticated requests to the HF Hub. Please set a HF_TOKEN to enable higher rate limits and faster downloads.
[transformers] You passed `num_labels=2` which is incompatible to the `id2label` map of length `1000`.
Loading weights:   0%|          | 0/200 [00:00<?, ?it/s]Loading weights:   8%|8         | 17/200 [00:00<00:01, 163.59it/s]Loading weights: 100%|##########| 200/200 [00:00<00:00, 1366.25it/s]
[transformers] [1mViTForImageClassification LOAD REPORT[0m from: google/vit-base-patch16-224
Key               | Status   |                                                                                          
------------------+----------+------------------------------------------------------------------------------------------
classifier.bias   | MISMATCH | Reinit due to size mismatch - ckpt: torch.Size([1000]) vs model:torch.Size([2])          
classifier.weight | MISMATCH | Reinit due to size mismatch - ckpt: torch.Size([1000, 768]) vs model:torch.Size([2, 768])

Notes:
- MISMATCH:	ckpt weights were loaded, but they did not match the original empty weight shapes.
2026-10-02 03:31:29,465 | Config: {"data_root": "data", "manifest": "subject_disjoint/manifests/kfold5_fold0.csv", "out_dir": null, "model": "vit-base", "train_set": "base", "online_aug": "strong", "seed": 42, "epochs": 10, "batch_size": 8, "grad_accum": 4, "lr": 2e-05, "weight_decay": 0.01, "warmup_ratio": 0.1, "label_smoothing": 0.1, "grad_clip": 1.0, "patience": 3, "precision": "auto", "workers": 2, "resume": true, "smoke": false, "allow_subject_overlap": false, "model_id": "google/vit-base-patch16-224@3f49326eb077187dfe1c2a2bb15fbd74e6ab91e3", "n_variants": 1, "amp_dtype": "torch.bfloat16", "device": "cuda", "gpu": "NVIDIA GeForce RTX 3050 Ti Laptop GPU", "torch": "2.14.0+cu126", "transformers": "5.17.0", "python": "3.11.9", "total_steps": 15830, "warmup_steps": 1583, "images": {"train": 50634, "val": 15920, "test": 18344}, "train_samples_per_epoch": 50634}
2026-10-02 03:31:29,465 | Subjects train/val/test: 21/8/8
Could not find platform independent libraries <prefix>
Could not find platform independent libraries <prefix>
2026-10-02 03:32:26,234 |   epoch 1 step 500/6330 loss 0.5790 acc 73.00%
2026-10-02 03:33:21,793 |   epoch 1 step 1000/6330 loss 0.4377 acc 84.17%
2026-10-02 03:34:19,235 |   epoch 1 step 1500/6330 loss 0.3741 acc 88.49%
2026-10-02 03:35:17,299 |   epoch 1 step 2000/6330 loss 0.3415 acc 90.71%
2026-10-02 03:36:15,362 |   epoch 1 step 2500/6330 loss 0.3205 acc 92.19%
2026-10-02 03:37:13,422 |   epoch 1 step 3000/6330 loss 0.3060 acc 93.15%
2026-10-02 03:38:11,504 |   epoch 1 step 3500/6330 loss 0.2962 acc 93.80%
2026-10-02 03:39:09,569 |   epoch 1 step 4000/6330 loss 0.2880 acc 94.34%
2026-10-02 03:40:07,797 |   epoch 1 step 4500/6330 loss 0.2809 acc 94.81%
2026-10-02 03:41:06,639 |   epoch 1 step 5000/6330 loss 0.2762 acc 95.14%
2026-10-02 03:42:05,005 |   epoch 1 step 5500/6330 loss 0.2721 acc 95.41%
2026-10-02 03:43:04,379 |   epoch 1 step 6000/6330 loss 0.2682 acc 95.67%
Could not find platform independent libraries <prefix>
Could not find platform independent libraries <prefix>
2026-10-02 03:44:58,055 | Epoch 1: train loss 0.2660 acc 95.82% | val loss 0.2388 acc 98.12%  <- best (13.5 min)
2026-10-02 03:45:58,628 |   epoch 2 step 500/6330 loss 0.2239 acc 98.80%
2026-10-02 03:46:57,714 |   epoch 2 step 1000/6330 loss 0.2251 acc 98.61%
2026-10-02 03:47:57,265 |   epoch 2 step 1500/6330 loss 0.2254 acc 98.57%
2026-10-02 03:48:56,603 |   epoch 2 step 2000/6330 loss 0.2246 acc 98.58%
2026-10-02 03:49:56,150 |   epoch 2 step 2500/6330 loss 0.2247 acc 98.56%
2026-10-02 03:50:55,710 |   epoch 2 step 3000/6330 loss 0.2237 acc 98.61%
2026-10-02 03:51:55,447 |   epoch 2 step 3500/6330 loss 0.2231 acc 98.63%
2026-10-02 03:52:55,274 |   epoch 2 step 4000/6330 loss 0.2232 acc 98.63%
2026-10-02 03:53:54,789 |   epoch 2 step 4500/6330 loss 0.2226 acc 98.66%
2026-10-02 03:54:54,156 |   epoch 2 step 5000/6330 loss 0.2230 acc 98.65%
2026-10-02 03:55:52,933 |   epoch 2 step 5500/6330 loss 0.2231 acc 98.66%
2026-10-02 03:56:52,352 |   epoch 2 step 6000/6330 loss 0.2232 acc 98.64%
2026-10-02 03:58:40,225 | Epoch 2: train loss 0.2228 acc 98.66% | val loss 0.2232 acc 98.55%  <- best (13.7 min)
2026-10-02 03:59:40,918 |   epoch 3 step 500/6330 loss 0.2192 acc 98.88%
2026-10-02 04:00:38,937 |   epoch 3 step 1000/6330 loss 0.2196 acc 98.84%
2026-10-02 04:01:36,942 |   epoch 3 step 1500/6330 loss 0.2194 acc 98.81%
2026-10-02 04:02:34,960 |   epoch 3 step 2000/6330 loss 0.2214 acc 98.70%
2026-10-02 04:03:32,958 |   epoch 3 step 2500/6330 loss 0.2210 acc 98.71%
2026-10-02 04:04:30,967 |   epoch 3 step 3000/6330 loss 0.2205 acc 98.75%
2026-10-02 04:05:28,978 |   epoch 3 step 3500/6330 loss 0.2198 acc 98.80%
2026-10-02 04:06:27,000 |   epoch 3 step 4000/6330 loss 0.2197 acc 98.80%
2026-10-02 04:07:25,006 |   epoch 3 step 4500/6330 loss 0.2192 acc 98.83%
2026-10-02 04:08:23,017 |   epoch 3 step 5000/6330 loss 0.2192 acc 98.84%
2026-10-02 04:09:21,035 |   epoch 3 step 5500/6330 loss 0.2185 acc 98.87%
2026-10-02 04:10:19,054 |   epoch 3 step 6000/6330 loss 0.2183 acc 98.88%
2026-10-02 04:12:01,851 | Epoch 3: train loss 0.2183 acc 98.88% | val loss 0.2253 acc 98.50% (13.3 min)
2026-10-02 04:13:01,053 |   epoch 4 step 500/6330 loss 0.2144 acc 99.20%
2026-10-02 04:13:59,066 |   epoch 4 step 1000/6330 loss 0.2137 acc 99.21%
2026-10-02 04:14:57,081 |   epoch 4 step 1500/6330 loss 0.2145 acc 99.12%
2026-10-02 04:15:55,084 |   epoch 4 step 2000/6330 loss 0.2148 acc 99.12%
2026-10-02 04:16:53,105 |   epoch 4 step 2500/6330 loss 0.2148 acc 99.11%
2026-10-02 04:17:51,134 |   epoch 4 step 3000/6330 loss 0.2152 acc 99.08%
2026-10-02 04:18:49,151 |   epoch 4 step 3500/6330 loss 0.2149 acc 99.06%
2026-10-02 04:19:47,151 |   epoch 4 step 4000/6330 loss 0.2152 acc 99.04%
2026-10-02 04:20:45,171 |   epoch 4 step 4500/6330 loss 0.2158 acc 99.00%
2026-10-02 04:21:43,197 |   epoch 4 step 5000/6330 loss 0.2157 acc 99.00%
2026-10-02 04:22:41,448 |   epoch 4 step 5500/6330 loss 0.2158 acc 98.99%
2026-10-02 04:23:39,540 |   epoch 4 step 6000/6330 loss 0.2157 acc 99.00%
2026-10-02 04:25:22,517 | Epoch 4: train loss 0.2156 acc 99.00% | val loss 0.2354 acc 97.68% (13.3 min)
2026-10-02 04:26:21,567 |   epoch 5 step 500/6330 loss 0.2147 acc 99.05%
2026-10-02 04:27:19,569 |   epoch 5 step 1000/6330 loss 0.2138 acc 99.06%
2026-10-02 04:28:17,578 |   epoch 5 step 1500/6330 loss 0.2132 acc 99.15%
2026-10-02 04:29:15,587 |   epoch 5 step 2000/6330 loss 0.2136 acc 99.16%
2026-10-02 04:30:13,602 |   epoch 5 step 2500/6330 loss 0.2133 acc 99.18%
2026-10-02 04:31:11,606 |   epoch 5 step 3000/6330 loss 0.2133 acc 99.20%
2026-10-02 04:32:09,613 |   epoch 5 step 3500/6330 loss 0.2136 acc 99.17%
2026-10-02 04:33:07,624 |   epoch 5 step 4000/6330 loss 0.2137 acc 99.15%
2026-10-02 04:34:05,633 |   epoch 5 step 4500/6330 loss 0.2138 acc 99.13%
2026-10-02 04:35:03,643 |   epoch 5 step 5000/6330 loss 0.2135 acc 99.16%
2026-10-02 04:36:01,643 |   epoch 5 step 5500/6330 loss 0.2137 acc 99.14%
2026-10-02 04:36:59,661 |   epoch 5 step 6000/6330 loss 0.2138 acc 99.14%
2026-10-02 04:38:42,523 | Epoch 5: train loss 0.2137 acc 99.14% | val loss 0.2262 acc 98.35% (13.3 min)
2026-10-02 04:38:43,385 | Early stopping after epoch 5
2026-10-02 04:39:48,433 | VAL: accuracy 98.55% (95% CI [98.351, 98.723]) | macro F1 98.55% | closed->open 2.44%
Could not find platform independent libraries <prefix>
Could not find platform independent libraries <prefix>
2026-10-02 04:41:10,011 | TEST: accuracy 97.98% (95% CI [97.764, 98.171]) | macro F1 97.97% | closed->open 1.42%
2026-10-02 04:41:10,015 | Per-subject test accuracy: {'s0001': 97.75, 's0005': 98.23, 's0008': 99.88, 's0013': 98.03, 's0015': 99.91, 's0017': 99.94, 's0021': 93.41, 's0032': 97.63}
2026-10-02 04:41:10,016 | Done. Outputs in B:\ViT Model\subject_disjoint\runs\kfold5_fold0_vit-base_base_strong_seed42
=== fold 0 exit 0 Fri Oct  2 04:41:12 EDT 2026
=== fold 1 start Fri Oct  2 04:41:12 EDT 2026
Could not find platform independent libraries <prefix>
2026-10-02 04:41:29,846 | HTTP Request: HEAD https://huggingface.co/google/vit-base-patch16-224/resolve/3f49326eb077187dfe1c2a2bb15fbd74e6ab91e3/processor_config.json "HTTP/1.1 404 Not Found"
2026-10-02 04:41:30,022 | HTTP Request: HEAD https://huggingface.co/google/vit-base-patch16-224/resolve/3f49326eb077187dfe1c2a2bb15fbd74e6ab91e3/processor_config.json "HTTP/1.1 404 Not Found"
Warning: You are sending unauthenticated requests to the HF Hub. Please set a HF_TOKEN to enable higher rate limits and faster downloads.
2026-10-02 04:41:30,023 | Warning: You are sending unauthenticated requests to the HF Hub. Please set a HF_TOKEN to enable higher rate limits and faster downloads.
[transformers] You passed `num_labels=2` which is incompatible to the `id2label` map of length `1000`.
Loading weights:   0%|          | 0/200 [00:00<?, ?it/s]Loading weights:  12%|#2        | 24/200 [00:00<00:00, 222.85it/s]Loading weights: 100%|##########| 200/200 [00:00<00:00, 1195.78it/s]
[transformers] [1mViTForImageClassification LOAD REPORT[0m from: google/vit-base-patch16-224
Key               | Status   |                                                                                          
------------------+----------+------------------------------------------------------------------------------------------
classifier.bias   | MISMATCH | Reinit due to size mismatch - ckpt: torch.Size([1000]) vs model:torch.Size([2])          
classifier.weight | MISMATCH | Reinit due to size mismatch - ckpt: torch.Size([1000, 768]) vs model:torch.Size([2, 768])

Notes:
- MISMATCH:	ckpt weights were loaded, but they did not match the original empty weight shapes.
2026-10-02 04:41:30,602 | Config: {"data_root": "data", "manifest": "subject_disjoint/manifests/kfold5_fold1.csv", "out_dir": null, "model": "vit-base", "train_set": "base", "online_aug": "strong", "seed": 42, "epochs": 10, "batch_size": 8, "grad_accum": 4, "lr": 2e-05, "weight_decay": 0.01, "warmup_ratio": 0.1, "label_smoothing": 0.1, "grad_clip": 1.0, "patience": 3, "precision": "auto", "workers": 2, "resume": true, "smoke": false, "allow_subject_overlap": false, "model_id": "google/vit-base-patch16-224@3f49326eb077187dfe1c2a2bb15fbd74e6ab91e3", "n_variants": 1, "amp_dtype": "torch.bfloat16", "device": "cuda", "gpu": "NVIDIA GeForce RTX 3050 Ti Laptop GPU", "torch": "2.14.0+cu126", "transformers": "5.17.0", "python": "3.11.9", "total_steps": 16380, "warmup_steps": 1638, "images": {"train": 52405, "val": 16573, "test": 15920}, "train_samples_per_epoch": 52405}
2026-10-02 04:41:30,604 | Subjects train/val/test: 22/7/8
Could not find platform independent libraries <prefix>
Could not find platform independent libraries <prefix>
2026-10-02 04:42:33,476 |   epoch 1 step 500/6551 loss 0.5792 acc 73.15%
2026-10-02 04:43:31,525 |   epoch 1 step 1000/6551 loss 0.4433 acc 83.76%
2026-10-02 04:44:29,541 |   epoch 1 step 1500/6551 loss 0.3825 acc 87.95%
2026-10-02 04:45:27,545 |   epoch 1 step 2000/6551 loss 0.3477 acc 90.31%
2026-10-02 04:46:25,560 |   epoch 1 step 2500/6551 loss 0.3265 acc 91.77%
2026-10-02 04:47:23,563 |   epoch 1 step 3000/6551 loss 0.3095 acc 92.92%
2026-10-02 04:48:21,570 |   epoch 1 step 3500/6551 loss 0.2998 acc 93.59%
2026-10-02 04:49:19,580 |   epoch 1 step 4000/6551 loss 0.2916 acc 94.15%
2026-10-02 04:50:17,592 |   epoch 1 step 4500/6551 loss 0.2853 acc 94.58%
2026-10-02 04:51:15,603 |   epoch 1 step 5000/6551 loss 0.2797 acc 94.97%
2026-10-02 04:52:13,609 |   epoch 1 step 5500/6551 loss 0.2761 acc 95.22%
2026-10-02 04:53:11,621 |   epoch 1 step 6000/6551 loss 0.2724 acc 95.47%
2026-10-02 04:54:09,626 |   epoch 1 step 6500/6551 loss 0.2687 acc 95.72%
Could not find platform independent libraries <prefix>
Could not find platform independent libraries <prefix>
2026-10-02 04:55:29,151 | Epoch 1: train loss 0.2686 acc 95.73% | val loss 0.2330 acc 98.36%  <- best (14.0 min)
2026-10-02 04:56:28,209 |   epoch 2 step 500/6551 loss 0.2327 acc 98.20%
2026-10-02 04:57:26,224 |   epoch 2 step 1000/6551 loss 0.2302 acc 98.33%
2026-10-02 04:58:24,246 |   epoch 2 step 1500/6551 loss 0.2300 acc 98.30%
2026-10-02 04:59:22,332 |   epoch 2 step 2000/6551 loss 0.2292 acc 98.30%
2026-10-02 05:00:20,371 |   epoch 2 step 2500/6551 loss 0.2286 acc 98.36%
2026-10-02 05:01:18,387 |   epoch 2 step 3000/6551 loss 0.2289 acc 98.35%
2026-10-02 05:02:16,407 |   epoch 2 step 3500/6551 loss 0.2283 acc 98.36%
2026-10-02 05:03:14,418 |   epoch 2 step 4000/6551 loss 0.2287 acc 98.35%
2026-10-02 05:04:12,441 |   epoch 2 step 4500/6551 loss 0.2286 acc 98.36%
2026-10-02 05:05:10,458 |   epoch 2 step 5000/6551 loss 0.2283 acc 98.38%
2026-10-02 05:06:08,470 |   epoch 2 step 5500/6551 loss 0.2283 acc 98.36%
2026-10-02 05:07:06,484 |   epoch 2 step 6000/6551 loss 0.2278 acc 98.38%
2026-10-02 05:08:04,490 |   epoch 2 step 6500/6551 loss 0.2274 acc 98.39%
2026-10-02 05:09:17,900 | Epoch 2: train loss 0.2274 acc 98.40% | val loss 0.2169 acc 99.17%  <- best (13.8 min)
2026-10-02 05:10:16,949 |   epoch 3 step 500/6551 loss 0.2176 acc 98.88%
2026-10-02 05:11:14,955 |   epoch 3 step 1000/6551 loss 0.2181 acc 98.80%
2026-10-02 05:12:12,962 |   epoch 3 step 1500/6551 loss 0.2201 acc 98.71%
2026-10-02 05:13:10,996 |   epoch 3 step 2000/6551 loss 0.2215 acc 98.65%
2026-10-02 05:14:09,008 |   epoch 3 step 2500/6551 loss 0.2220 acc 98.63%
2026-10-02 05:15:07,018 |   epoch 3 step 3000/6551 loss 0.2222 acc 98.62%
2026-10-02 05:16:05,023 |   epoch 3 step 3500/6551 loss 0.2221 acc 98.64%
2026-10-02 05:17:03,041 |   epoch 3 step 4000/6551 loss 0.2221 acc 98.67%
2026-10-02 05:18:01,047 |   epoch 3 step 4500/6551 loss 0.2220 acc 98.66%
2026-10-02 05:18:59,061 |   epoch 3 step 5000/6551 loss 0.2218 acc 98.66%
2026-10-02 05:19:57,062 |   epoch 3 step 5500/6551 loss 0.2216 acc 98.66%
2026-10-02 05:20:55,073 |   epoch 3 step 6000/6551 loss 0.2215 acc 98.67%
2026-10-02 05:21:53,076 |   epoch 3 step 6500/6551 loss 0.2214 acc 98.67%
2026-10-02 05:23:06,559 | Epoch 3: train loss 0.2215 acc 98.67% | val loss 0.2124 acc 99.28%  <- best (13.8 min)
2026-10-02 05:24:05,706 |   epoch 4 step 500/6551 loss 0.2135 acc 99.17%
2026-10-02 05:25:03,723 |   epoch 4 step 1000/6551 loss 0.2163 acc 99.00%
2026-10-02 05:26:01,760 |   epoch 4 step 1500/6551 loss 0.2185 acc 98.90%
2026-10-02 05:26:59,770 |   epoch 4 step 2000/6551 loss 0.2192 acc 98.83%
2026-10-02 05:27:57,766 |   epoch 4 step 2500/6551 loss 0.2194 acc 98.83%
2026-10-02 05:28:55,783 |   epoch 4 step 3000/6551 loss 0.2199 acc 98.80%
2026-10-02 05:29:53,819 |   epoch 4 step 3500/6551 loss 0.2196 acc 98.80%
2026-10-02 05:30:51,835 |   epoch 4 step 4000/6551 loss 0.2195 acc 98.80%
2026-10-02 05:31:49,837 |   epoch 4 step 4500/6551 loss 0.2197 acc 98.80%
2026-10-02 05:32:47,845 |   epoch 4 step 5000/6551 loss 0.2198 acc 98.80%
2026-10-02 05:33:45,854 |   epoch 4 step 5500/6551 loss 0.2197 acc 98.79%
2026-10-02 05:34:43,873 |   epoch 4 step 6000/6551 loss 0.2194 acc 98.79%
2026-10-02 05:35:41,873 |   epoch 4 step 6500/6551 loss 0.2195 acc 98.79%
2026-10-02 05:36:55,112 | Epoch 4: train loss 0.2194 acc 98.79% | val loss 0.2124 acc 99.24% (13.8 min)
2026-10-02 05:37:54,174 |   epoch 5 step 500/6551 loss 0.2186 acc 98.95%
2026-10-02 05:38:52,189 |   epoch 5 step 1000/6551 loss 0.2180 acc 98.90%
2026-10-02 05:39:50,187 |   epoch 5 step 1500/6551 loss 0.2170 acc 98.97%
2026-10-02 05:40:48,197 |   epoch 5 step 2000/6551 loss 0.2162 acc 99.02%
2026-10-02 05:41:46,201 |   epoch 5 step 2500/6551 loss 0.2169 acc 98.97%
2026-10-02 05:42:44,230 |   epoch 5 step 3000/6551 loss 0.2167 acc 98.97%
2026-10-02 05:43:42,275 |   epoch 5 step 3500/6551 loss 0.2170 acc 98.94%
2026-10-02 05:44:40,287 |   epoch 5 step 4000/6551 loss 0.2171 acc 98.92%
2026-10-02 05:45:38,292 |   epoch 5 step 4500/6551 loss 0.2169 acc 98.93%
2026-10-02 05:46:36,626 |   epoch 5 step 5000/6551 loss 0.2169 acc 98.92%
2026-10-02 05:47:35,439 |   epoch 5 step 5500/6551 loss 0.2171 acc 98.90%
2026-10-02 05:48:36,011 |   epoch 5 step 6000/6551 loss 0.2173 acc 98.89%
2026-10-02 05:49:35,162 |   epoch 5 step 6500/6551 loss 0.2172 acc 98.90%
2026-10-02 05:50:48,883 | Epoch 5: train loss 0.2171 acc 98.91% | val loss 0.2120 acc 99.33%  <- best (13.9 min)
2026-10-02 05:51:47,995 |   epoch 6 step 500/6551 loss 0.2198 acc 98.75%
2026-10-02 05:52:46,007 |   epoch 6 step 1000/6551 loss 0.2189 acc 98.80%
2026-10-02 05:53:44,012 |   epoch 6 step 1500/6551 loss 0.2177 acc 98.84%
2026-10-02 05:54:42,028 |   epoch 6 step 2000/6551 loss 0.2173 acc 98.88%
2026-10-02 05:55:40,028 |   epoch 6 step 2500/6551 loss 0.2173 acc 98.88%
2026-10-02 05:56:38,065 |   epoch 6 step 3000/6551 loss 0.2170 acc 98.88%
2026-10-02 05:57:36,070 |   epoch 6 step 3500/6551 loss 0.2164 acc 98.92%
2026-10-02 05:58:34,086 |   epoch 6 step 4000/6551 loss 0.2165 acc 98.93%
2026-10-02 05:59:32,085 |   epoch 6 step 4500/6551 loss 0.2166 acc 98.92%
2026-10-02 06:00:30,099 |   epoch 6 step 5000/6551 loss 0.2161 acc 98.95%
2026-10-02 06:01:28,101 |   epoch 6 step 5500/6551 loss 0.2159 acc 98.95%
2026-10-02 06:02:26,119 |   epoch 6 step 6000/6551 loss 0.2157 acc 98.97%
2026-10-02 06:03:24,119 |   epoch 6 step 6500/6551 loss 0.2155 acc 98.98%
2026-10-02 06:04:37,550 | Epoch 6: train loss 0.2155 acc 98.98% | val loss 0.2111 acc 99.37%  <- best (13.8 min)
2026-10-02 06:05:36,648 |   epoch 7 step 500/6551 loss 0.2110 acc 99.17%
2026-10-02 06:06:34,663 |   epoch 7 step 1000/6551 loss 0.2126 acc 99.06%
2026-10-02 06:07:32,663 |   epoch 7 step 1500/6551 loss 0.2137 acc 99.05%
2026-10-02 06:08:30,669 |   epoch 7 step 2000/6551 loss 0.2135 acc 99.09%
2026-10-02 06:09:28,679 |   epoch 7 step 2500/6551 loss 0.2137 acc 99.06%
2026-10-02 06:10:26,698 |   epoch 7 step 3000/6551 loss 0.2133 acc 99.09%
2026-10-02 06:11:24,704 |   epoch 7 step 3500/6551 loss 0.2133 acc 99.10%
2026-10-02 06:12:22,722 |   epoch 7 step 4000/6551 loss 0.2132 acc 99.11%
2026-10-02 06:13:20,760 |   epoch 7 step 4500/6551 loss 0.2131 acc 99.11%
2026-10-02 06:14:18,807 |   epoch 7 step 5000/6551 loss 0.2128 acc 99.13%
2026-10-02 06:15:16,810 |   epoch 7 step 5500/6551 loss 0.2129 acc 99.11%
2026-10-02 06:16:14,813 |   epoch 7 step 6000/6551 loss 0.2132 acc 99.09%
2026-10-02 06:17:12,826 |   epoch 7 step 6500/6551 loss 0.2135 acc 99.07%
2026-10-02 06:18:26,026 | Epoch 7: train loss 0.2135 acc 99.08% | val loss 0.2128 acc 99.22% (13.8 min)
2026-10-02 06:19:25,198 |   epoch 8 step 500/6551 loss 0.2098 acc 99.30%
2026-10-02 06:20:23,207 |   epoch 8 step 1000/6551 loss 0.2121 acc 99.17%
2026-10-02 06:21:21,211 |   epoch 8 step 1500/6551 loss 0.2126 acc 99.18%
2026-10-02 06:22:19,226 |   epoch 8 step 2000/6551 loss 0.2123 acc 99.21%
2026-10-02 06:23:17,231 |   epoch 8 step 2500/6551 loss 0.2123 acc 99.20%
2026-10-02 06:24:15,236 |   epoch 8 step 3000/6551 loss 0.2120 acc 99.22%
2026-10-02 06:25:13,245 |   epoch 8 step 3500/6551 loss 0.2123 acc 99.19%
2026-10-02 06:26:11,254 |   epoch 8 step 4000/6551 loss 0.2122 acc 99.18%
2026-10-02 06:27:09,265 |   epoch 8 step 4500/6551 loss 0.2130 acc 99.14%
2026-10-02 06:28:07,269 |   epoch 8 step 5000/6551 loss 0.2127 acc 99.15%
2026-10-02 06:29:05,382 |   epoch 8 step 5500/6551 loss 0.2128 acc 99.15%
2026-10-02 06:30:03,422 |   epoch 8 step 6000/6551 loss 0.2126 acc 99.15%
2026-10-02 06:31:01,439 |   epoch 8 step 6500/6551 loss 0.2125 acc 99.16%
2026-10-02 06:32:14,669 | Epoch 8: train loss 0.2126 acc 99.15% | val loss 0.2115 acc 99.31% (13.8 min)
2026-10-02 06:33:13,817 |   epoch 9 step 500/6551 loss 0.2140 acc 99.15%
2026-10-02 06:34:11,839 |   epoch 9 step 1000/6551 loss 0.2144 acc 99.06%
2026-10-02 06:35:09,844 |   epoch 9 step 1500/6551 loss 0.2135 acc 99.10%
2026-10-02 06:36:07,862 |   epoch 9 step 2000/6551 loss 0.2139 acc 99.05%
2026-10-02 06:37:05,873 |   epoch 9 step 2500/6551 loss 0.2132 acc 99.11%
2026-10-02 06:38:03,872 |   epoch 9 step 3000/6551 loss 0.2136 acc 99.08%
2026-10-02 06:39:01,882 |   epoch 9 step 3500/6551 loss 0.2128 acc 99.14%
2026-10-02 06:39:59,947 |   epoch 9 step 4000/6551 loss 0.2126 acc 99.15%
2026-10-02 06:40:57,963 |   epoch 9 step 4500/6551 loss 0.2122 acc 99.18%
2026-10-02 06:41:55,964 |   epoch 9 step 5000/6551 loss 0.2120 acc 99.19%
2026-10-02 06:42:53,986 |   epoch 9 step 5500/6551 loss 0.2120 acc 99.19%
2026-10-02 06:43:52,233 |   epoch 9 step 6000/6551 loss 0.2120 acc 99.20%
2026-10-02 06:44:50,243 |   epoch 9 step 6500/6551 loss 0.2120 acc 99.20%
2026-10-02 06:46:03,416 | Epoch 9: train loss 0.2119 acc 99.20% | val loss 0.2113 acc 99.31% (13.8 min)
2026-10-02 06:46:04,471 | Early stopping after epoch 9
2026-10-02 06:47:12,490 | VAL: accuracy 99.37% (95% CI [99.24, 99.482]) | macro F1 99.37% | closed->open 0.91%
Could not find platform independent libraries <prefix>
Could not find platform independent libraries <prefix>
2026-10-02 06:48:24,074 | TEST: accuracy 98.57% (95% CI [98.371, 98.741]) | macro F1 98.57% | closed->open 2.17%
2026-10-02 06:48:24,075 | Per-subject test accuracy: {'s0002': 99.46, 's0010': 98.75, 's0011': 99.82, 's0012': 98.95, 's0022': 92.15, 's0026': 98.23, 's0027': 95.49, 's0031': 97.7}
2026-10-02 06:48:24,075 | Done. Outputs in B:\ViT Model\subject_disjoint\runs\kfold5_fold1_vit-base_base_strong_seed42
=== fold 1 exit 0 Fri Oct  2 06:48:26 EDT 2026
=== fold 2 start Fri Oct  2 06:48:26 EDT 2026
Could not find platform independent libraries <prefix>
2026-10-02 06:48:42,774 | HTTP Request: HEAD https://huggingface.co/google/vit-base-patch16-224/resolve/3f49326eb077187dfe1c2a2bb15fbd74e6ab91e3/processor_config.json "HTTP/1.1 404 Not Found"
2026-10-02 06:48:42,947 | HTTP Request: HEAD https://huggingface.co/google/vit-base-patch16-224/resolve/3f49326eb077187dfe1c2a2bb15fbd74e6ab91e3/processor_config.json "HTTP/1.1 404 Not Found"
Warning: You are sending unauthenticated requests to the HF Hub. Please set a HF_TOKEN to enable higher rate limits and faster downloads.
2026-10-02 06:48:42,948 | Warning: You are sending unauthenticated requests to the HF Hub. Please set a HF_TOKEN to enable higher rate limits and faster downloads.
[transformers] You passed `num_labels=2` which is incompatible to the `id2label` map of length `1000`.
Loading weights:   0%|          | 0/200 [00:00<?, ?it/s]Loading weights:  16%|#6        | 32/200 [00:00<00:00, 304.07it/s]Loading weights: 100%|##########| 200/200 [00:00<00:00, 984.30it/s]
[transformers] [1mViTForImageClassification LOAD REPORT[0m from: google/vit-base-patch16-224
Key               | Status   |                                                                                          
------------------+----------+------------------------------------------------------------------------------------------
classifier.weight | MISMATCH | Reinit due to size mismatch - ckpt: torch.Size([1000, 768]) vs model:torch.Size([2, 768])
classifier.bias   | MISMATCH | Reinit due to size mismatch - ckpt: torch.Size([1000]) vs model:torch.Size([2])          

Notes:
- MISMATCH:	ckpt weights were loaded, but they did not match the original empty weight shapes.
2026-10-02 06:48:43,581 | Config: {"data_root": "data", "manifest": "subject_disjoint/manifests/kfold5_fold2.csv", "out_dir": null, "model": "vit-base", "train_set": "base", "online_aug": "strong", "seed": 42, "epochs": 10, "batch_size": 8, "grad_accum": 4, "lr": 2e-05, "weight_decay": 0.01, "warmup_ratio": 0.1, "label_smoothing": 0.1, "grad_clip": 1.0, "patience": 3, "precision": "auto", "workers": 2, "resume": true, "smoke": false, "allow_subject_overlap": false, "model_id": "google/vit-base-patch16-224@3f49326eb077187dfe1c2a2bb15fbd74e6ab91e3", "n_variants": 1, "amp_dtype": "torch.bfloat16", "device": "cuda", "gpu": "NVIDIA GeForce RTX 3050 Ti Laptop GPU", "torch": "2.14.0+cu126", "transformers": "5.17.0", "python": "3.11.9", "total_steps": 15890, "warmup_steps": 1589, "images": {"train": 50839, "val": 17486, "test": 16573}, "train_samples_per_epoch": 50839}
2026-10-02 06:48:43,582 | Subjects train/val/test: 23/7/7
Could not find platform independent libraries <prefix>
Could not find platform independent libraries <prefix>
2026-10-02 06:49:47,484 |   epoch 1 step 500/6355 loss 0.5478 acc 76.65%
2026-10-02 06:50:45,502 |   epoch 1 step 1000/6355 loss 0.4232 acc 85.94%
2026-10-02 06:51:43,505 |   epoch 1 step 1500/6355 loss 0.3630 acc 89.74%
2026-10-02 06:52:41,509 |   epoch 1 step 2000/6355 loss 0.3323 acc 91.75%
2026-10-02 06:53:39,514 |   epoch 1 step 2500/6355 loss 0.3118 acc 93.05%
2026-10-02 06:54:37,535 |   epoch 1 step 3000/6355 loss 0.2988 acc 93.89%
2026-10-02 06:55:35,605 |   epoch 1 step 3500/6355 loss 0.2888 acc 94.53%
2026-10-02 06:56:33,615 |   epoch 1 step 4000/6355 loss 0.2816 acc 94.99%
2026-10-02 06:57:31,617 |   epoch 1 step 4500/6355 loss 0.2763 acc 95.34%
2026-10-02 06:58:29,631 |   epoch 1 step 5000/6355 loss 0.2716 acc 95.64%
2026-10-02 06:59:27,655 |   epoch 1 step 5500/6355 loss 0.2669 acc 95.92%
2026-10-02 07:00:25,665 |   epoch 1 step 6000/6355 loss 0.2637 acc 96.14%
Could not find platform independent libraries <prefix>
Could not find platform independent libraries <prefix>
2026-10-02 07:02:24,051 | Epoch 1: train loss 0.2619 acc 96.25% | val loss 0.2463 acc 97.16%  <- best (13.7 min)
2026-10-02 07:03:23,244 |   epoch 2 step 500/6355 loss 0.2309 acc 98.17%
2026-10-02 07:04:21,256 |   epoch 2 step 1000/6355 loss 0.2290 acc 98.29%
2026-10-02 07:05:19,267 |   epoch 2 step 1500/6355 loss 0.2275 acc 98.42%
2026-10-02 07:06:17,288 |   epoch 2 step 2000/6355 loss 0.2266 acc 98.41%
2026-10-02 07:07:15,305 |   epoch 2 step 2500/6355 loss 0.2258 acc 98.50%
2026-10-02 07:08:13,326 |   epoch 2 step 3000/6355 loss 0.2251 acc 98.54%
2026-10-02 07:09:11,343 |   epoch 2 step 3500/6355 loss 0.2245 acc 98.57%
2026-10-02 07:10:09,364 |   epoch 2 step 4000/6355 loss 0.2241 acc 98.58%
2026-10-02 07:11:07,385 |   epoch 2 step 4500/6355 loss 0.2239 acc 98.61%
2026-10-02 07:12:05,397 |   epoch 2 step 5000/6355 loss 0.2237 acc 98.62%
2026-10-02 07:13:03,419 |   epoch 2 step 5500/6355 loss 0.2236 acc 98.62%
2026-10-02 07:14:01,670 |   epoch 2 step 6000/6355 loss 0.2240 acc 98.59%
2026-10-02 07:15:54,144 | Epoch 2: train loss 0.2239 acc 98.60% | val loss 0.2396 acc 97.44%  <- best (13.5 min)
2026-10-02 07:16:53,219 |   epoch 3 step 500/6355 loss 0.2191 acc 98.78%
2026-10-02 07:17:51,232 |   epoch 3 step 1000/6355 loss 0.2184 acc 98.84%
2026-10-02 07:18:49,249 |   epoch 3 step 1500/6355 loss 0.2193 acc 98.82%
2026-10-02 07:19:47,253 |   epoch 3 step 2000/6355 loss 0.2195 acc 98.81%
2026-10-02 07:20:45,272 |   epoch 3 step 2500/6355 loss 0.2202 acc 98.75%
2026-10-02 07:21:38,014 |   epoch 3 step 3000/6355 loss 0.2200 acc 98.78%
2026-10-02 07:22:36,034 |   epoch 3 step 3500/6355 loss 0.2200 acc 98.76%
2026-10-02 07:23:34,035 |   epoch 3 step 4000/6355 loss 0.2197 acc 98.79%
2026-10-02 07:24:32,055 |   epoch 3 step 4500/6355 loss 0.2198 acc 98.78%
2026-10-02 07:25:30,069 |   epoch 3 step 5000/6355 loss 0.2196 acc 98.79%
2026-10-02 07:26:28,093 |   epoch 3 step 5500/6355 loss 0.2192 acc 98.82%
2026-10-02 07:27:26,101 |   epoch 3 step 6000/6355 loss 0.2190 acc 98.84%
2026-10-02 07:29:18,545 | Epoch 3: train loss 0.2189 acc 98.86% | val loss 0.2328 acc 98.09%  <- best (13.4 min)
2026-10-02 07:30:17,727 |   epoch 4 step 500/6355 loss 0.2165 acc 98.95%
2026-10-02 07:31:15,755 |   epoch 4 step 1000/6355 loss 0.2179 acc 98.90%
2026-10-02 07:32:13,760 |   epoch 4 step 1500/6355 loss 0.2181 acc 98.90%
2026-10-02 07:33:11,768 |   epoch 4 step 2000/6355 loss 0.2177 acc 98.91%
2026-10-02 07:34:09,779 |   epoch 4 step 2500/6355 loss 0.2172 acc 98.94%
2026-10-02 07:35:31,568 |   epoch 4 step 3000/6355 loss 0.2163 acc 98.99%
2026-10-02 07:36:56,332 |   epoch 4 step 3500/6355 loss 0.2165 acc 98.96%
2026-10-02 07:38:19,533 |   epoch 4 step 4000/6355 loss 0.2168 acc 98.94%
2026-10-02 07:39:13,193 |   epoch 4 step 4500/6355 loss 0.2169 acc 98.94%
2026-10-02 07:40:11,124 |   epoch 4 step 5000/6355 loss 0.2169 acc 98.94%
2026-10-02 07:41:09,174 |   epoch 4 step 5500/6355 loss 0.2165 acc 98.96%
2026-10-02 07:42:07,234 |   epoch 4 step 6000/6355 loss 0.2168 acc 98.94%
2026-10-02 07:43:59,880 | Epoch 4: train loss 0.2167 acc 98.95% | val loss 0.2623 acc 95.87% (14.7 min)
2026-10-02 07:44:59,469 |   epoch 5 step 500/6355 loss 0.2171 acc 98.92%
2026-10-02 07:45:58,471 |   epoch 5 step 1000/6355 loss 0.2157 acc 99.01%
2026-10-02 07:46:56,814 |   epoch 5 step 1500/6355 loss 0.2145 acc 99.08%
2026-10-02 07:47:55,265 |   epoch 5 step 2000/6355 loss 0.2147 acc 99.07%
2026-10-02 07:48:53,855 |   epoch 5 step 2500/6355 loss 0.2156 acc 99.03%
2026-10-02 07:49:52,659 |   epoch 5 step 3000/6355 loss 0.2156 acc 99.04%
2026-10-02 07:50:50,819 |   epoch 5 step 3500/6355 loss 0.2162 acc 98.99%
2026-10-02 07:51:48,830 |   epoch 5 step 4000/6355 loss 0.2158 acc 99.01%
2026-10-02 07:52:47,024 |   epoch 5 step 4500/6355 loss 0.2160 acc 99.00%
2026-10-02 07:53:45,189 |   epoch 5 step 5000/6355 loss 0.2159 acc 99.00%
2026-10-02 07:54:43,382 |   epoch 5 step 5500/6355 loss 0.2157 acc 99.03%
2026-10-02 07:55:41,537 |   epoch 5 step 6000/6355 loss 0.2154 acc 99.04%
2026-10-02 07:57:33,872 | Epoch 5: train loss 0.2153 acc 99.04% | val loss 0.2412 acc 97.64% (13.5 min)
2026-10-02 07:58:33,041 |   epoch 6 step 500/6355 loss 0.2183 acc 98.80%
2026-10-02 07:59:31,121 |   epoch 6 step 1000/6355 loss 0.2171 acc 98.84%
2026-10-02 08:00:29,184 |   epoch 6 step 1500/6355 loss 0.2164 acc 98.91%
2026-10-02 08:01:27,315 |   epoch 6 step 2000/6355 loss 0.2167 acc 98.90%
2026-10-02 08:02:25,349 |   epoch 6 step 2500/6355 loss 0.2159 acc 98.94%
2026-10-02 08:03:23,356 |   epoch 6 step 3000/6355 loss 0.2155 acc 98.98%
2026-10-02 08:04:21,381 |   epoch 6 step 3500/6355 loss 0.2153 acc 98.99%
2026-10-02 08:05:19,397 |   epoch 6 step 4000/6355 loss 0.2149 acc 99.02%
2026-10-02 08:06:17,422 |   epoch 6 step 4500/6355 loss 0.2147 acc 99.03%
2026-10-02 08:07:15,436 |   epoch 6 step 5000/6355 loss 0.2147 acc 99.05%
2026-10-02 08:08:13,452 |   epoch 6 step 5500/6355 loss 0.2144 acc 99.05%
2026-10-02 08:09:11,470 |   epoch 6 step 6000/6355 loss 0.2141 acc 99.07%
2026-10-02 08:11:03,950 | Epoch 6: train loss 0.2141 acc 99.08% | val loss 0.2448 acc 97.28% (13.5 min)
2026-10-02 08:11:04,987 | Early stopping after epoch 6
2026-10-02 08:12:17,047 | VAL: accuracy 98.09% (95% CI [97.876, 98.282]) | macro F1 98.08% | closed->open 1.50%
Could not find platform independent libraries <prefix>
Could not find platform independent libraries <prefix>
2026-10-02 08:13:32,147 | TEST: accuracy 99.11% (95% CI [98.958, 99.245]) | macro F1 99.11% | closed->open 0.64%
2026-10-02 08:13:32,147 | Per-subject test accuracy: {'s0007': 99.84, 's0014': 99.68, 's0018': 98.57, 's0023': 98.85, 's0024': 95.08, 's0034': 98.51, 's0035': 99.84}
2026-10-02 08:13:32,148 | Done. Outputs in B:\ViT Model\subject_disjoint\runs\kfold5_fold2_vit-base_base_strong_seed42
=== fold 2 exit 0 Fri Oct  2 08:13:34 EDT 2026
=== fold 3 start Fri Oct  2 08:13:34 EDT 2026
Could not find platform independent libraries <prefix>
'[Errno 11001] getaddrinfo failed' thrown while requesting HEAD https://huggingface.co/google/vit-base-patch16-224/resolve/3f49326eb077187dfe1c2a2bb15fbd74e6ab91e3/processor_config.json
2026-10-02 08:13:49,870 | '[Errno 11001] getaddrinfo failed' thrown while requesting HEAD https://huggingface.co/google/vit-base-patch16-224/resolve/3f49326eb077187dfe1c2a2bb15fbd74e6ab91e3/processor_config.json
Retrying in 1s [Retry 1/5].
2026-10-02 08:13:49,870 | Retrying in 1s [Retry 1/5].
'[Errno 11001] getaddrinfo failed' thrown while requesting HEAD https://huggingface.co/google/vit-base-patch16-224/resolve/3f49326eb077187dfe1c2a2bb15fbd74e6ab91e3/processor_config.json
2026-10-02 08:13:51,010 | '[Errno 11001] getaddrinfo failed' thrown while requesting HEAD https://huggingface.co/google/vit-base-patch16-224/resolve/3f49326eb077187dfe1c2a2bb15fbd74e6ab91e3/processor_config.json
Retrying in 2s [Retry 2/5].
2026-10-02 08:13:51,010 | Retrying in 2s [Retry 2/5].
'[Errno 11001] getaddrinfo failed' thrown while requesting HEAD https://huggingface.co/google/vit-base-patch16-224/resolve/3f49326eb077187dfe1c2a2bb15fbd74e6ab91e3/processor_config.json
2026-10-02 08:13:53,144 | '[Errno 11001] getaddrinfo failed' thrown while requesting HEAD https://huggingface.co/google/vit-base-patch16-224/resolve/3f49326eb077187dfe1c2a2bb15fbd74e6ab91e3/processor_config.json
Retrying in 4s [Retry 3/5].
2026-10-02 08:13:53,148 | Retrying in 4s [Retry 3/5].
'[Errno 11001] getaddrinfo failed' thrown while requesting HEAD https://huggingface.co/google/vit-base-patch16-224/resolve/3f49326eb077187dfe1c2a2bb15fbd74e6ab91e3/processor_config.json
2026-10-02 08:13:57,281 | '[Errno 11001] getaddrinfo failed' thrown while requesting HEAD https://huggingface.co/google/vit-base-patch16-224/resolve/3f49326eb077187dfe1c2a2bb15fbd74e6ab91e3/processor_config.json
Retrying in 8s [Retry 4/5].
2026-10-02 08:13:57,281 | Retrying in 8s [Retry 4/5].
'[Errno 11001] getaddrinfo failed' thrown while requesting HEAD https://huggingface.co/google/vit-base-patch16-224/resolve/3f49326eb077187dfe1c2a2bb15fbd74e6ab91e3/processor_config.json
2026-10-02 08:14:05,412 | '[Errno 11001] getaddrinfo failed' thrown while requesting HEAD https://huggingface.co/google/vit-base-patch16-224/resolve/3f49326eb077187dfe1c2a2bb15fbd74e6ab91e3/processor_config.json
Retrying in 8s [Retry 5/5].
2026-10-02 08:14:05,412 | Retrying in 8s [Retry 5/5].
'[Errno 11001] getaddrinfo failed' thrown while requesting HEAD https://huggingface.co/google/vit-base-patch16-224/resolve/3f49326eb077187dfe1c2a2bb15fbd74e6ab91e3/processor_config.json
2026-10-02 08:14:13,539 | '[Errno 11001] getaddrinfo failed' thrown while requesting HEAD https://huggingface.co/google/vit-base-patch16-224/resolve/3f49326eb077187dfe1c2a2bb15fbd74e6ab91e3/processor_config.json
'[Errno 11001] getaddrinfo failed' thrown while requesting HEAD https://huggingface.co/google/vit-base-patch16-224/resolve/3f49326eb077187dfe1c2a2bb15fbd74e6ab91e3/processor_config.json
2026-10-02 08:14:13,696 | '[Errno 11001] getaddrinfo failed' thrown while requesting HEAD https://huggingface.co/google/vit-base-patch16-224/resolve/3f49326eb077187dfe1c2a2bb15fbd74e6ab91e3/processor_config.json
Retrying in 1s [Retry 1/5].
2026-10-02 08:14:13,696 | Retrying in 1s [Retry 1/5].
'[Errno 11001] getaddrinfo failed' thrown while requesting HEAD https://huggingface.co/google/vit-base-patch16-224/resolve/3f49326eb077187dfe1c2a2bb15fbd74e6ab91e3/processor_config.json
2026-10-02 08:14:14,824 | '[Errno 11001] getaddrinfo failed' thrown while requesting HEAD https://huggingface.co/google/vit-base-patch16-224/resolve/3f49326eb077187dfe1c2a2bb15fbd74e6ab91e3/processor_config.json
Retrying in 2s [Retry 2/5].
2026-10-02 08:14:14,824 | Retrying in 2s [Retry 2/5].
'[Errno 11001] getaddrinfo failed' thrown while requesting HEAD https://huggingface.co/google/vit-base-patch16-224/resolve/3f49326eb077187dfe1c2a2bb15fbd74e6ab91e3/processor_config.json
2026-10-02 08:14:16,950 | '[Errno 11001] getaddrinfo failed' thrown while requesting HEAD https://huggingface.co/google/vit-base-patch16-224/resolve/3f49326eb077187dfe1c2a2bb15fbd74e6ab91e3/processor_config.json
Retrying in 4s [Retry 3/5].
2026-10-02 08:14:16,951 | Retrying in 4s [Retry 3/5].
'[Errno 11001] getaddrinfo failed' thrown while requesting HEAD https://huggingface.co/google/vit-base-patch16-224/resolve/3f49326eb077187dfe1c2a2bb15fbd74e6ab91e3/processor_config.json
2026-10-02 08:14:21,081 | '[Errno 11001] getaddrinfo failed' thrown while requesting HEAD https://huggingface.co/google/vit-base-patch16-224/resolve/3f49326eb077187dfe1c2a2bb15fbd74e6ab91e3/processor_config.json
Retrying in 8s [Retry 4/5].
2026-10-02 08:14:21,081 | Retrying in 8s [Retry 4/5].
'[Errno 11001] getaddrinfo failed' thrown while requesting HEAD https://huggingface.co/google/vit-base-patch16-224/resolve/3f49326eb077187dfe1c2a2bb15fbd74e6ab91e3/processor_config.json
2026-10-02 08:14:29,208 | '[Errno 11001] getaddrinfo failed' thrown while requesting HEAD https://huggingface.co/google/vit-base-patch16-224/resolve/3f49326eb077187dfe1c2a2bb15fbd74e6ab91e3/processor_config.json
Retrying in 8s [Retry 5/5].
2026-10-02 08:14:29,208 | Retrying in 8s [Retry 5/5].
'[Errno 11001] getaddrinfo failed' thrown while requesting HEAD https://huggingface.co/google/vit-base-patch16-224/resolve/3f49326eb077187dfe1c2a2bb15fbd74e6ab91e3/processor_config.json
2026-10-02 08:14:37,336 | '[Errno 11001] getaddrinfo failed' thrown while requesting HEAD https://huggingface.co/google/vit-base-patch16-224/resolve/3f49326eb077187dfe1c2a2bb15fbd74e6ab91e3/processor_config.json
[transformers] You passed `num_labels=2` which is incompatible to the `id2label` map of length `1000`.
Loading weights:   0%|          | 0/200 [00:00<?, ?it/s]Loading weights:  42%|####1     | 83/200 [00:00<00:00, 819.50it/s]Loading weights: 100%|##########| 200/200 [00:00<00:00, 1174.10it/s]
[transformers] [1mViTForImageClassification LOAD REPORT[0m from: google/vit-base-patch16-224
Key               | Status   |                                                                                          
------------------+----------+------------------------------------------------------------------------------------------
classifier.weight | MISMATCH | Reinit due to size mismatch - ckpt: torch.Size([1000, 768]) vs model:torch.Size([2, 768])
classifier.bias   | MISMATCH | Reinit due to size mismatch - ckpt: torch.Size([1000]) vs model:torch.Size([2])          

Notes:
- MISMATCH:	ckpt weights were loaded, but they did not match the original empty weight shapes.
2026-10-02 08:14:37,864 | Config: {"data_root": "data", "manifest": "subject_disjoint/manifests/kfold5_fold3.csv", "out_dir": null, "model": "vit-base", "train_set": "base", "online_aug": "strong", "seed": 42, "epochs": 10, "batch_size": 8, "grad_accum": 4, "lr": 2e-05, "weight_decay": 0.01, "warmup_ratio": 0.1, "label_smoothing": 0.1, "grad_clip": 1.0, "patience": 3, "precision": "auto", "workers": 2, "resume": true, "smoke": false, "allow_subject_overlap": false, "model_id": "google/vit-base-patch16-224@3f49326eb077187dfe1c2a2bb15fbd74e6ab91e3", "n_variants": 1, "amp_dtype": "torch.bfloat16", "device": "cuda", "gpu": "NVIDIA GeForce RTX 3050 Ti Laptop GPU", "torch": "2.14.0+cu126", "transformers": "5.17.0", "python": "3.11.9", "total_steps": 15890, "warmup_steps": 1589, "images": {"train": 50837, "val": 16575, "test": 17486}, "train_samples_per_epoch": 50837}
2026-10-02 08:14:37,864 | Subjects train/val/test: 23/7/7
Could not find platform independent libraries <prefix>
Could not find platform independent libraries <prefix>
2026-10-02 08:15:36,699 |   epoch 1 step 500/6355 loss 0.5451 acc 77.38%
2026-10-02 08:16:34,553 |   epoch 1 step 1000/6355 loss 0.4182 acc 86.40%
2026-10-02 08:17:32,558 |   epoch 1 step 1500/6355 loss 0.3614 acc 90.05%
2026-10-02 08:18:30,579 |   epoch 1 step 2000/6355 loss 0.3310 acc 91.99%
2026-10-02 08:19:28,580 |   epoch 1 step 2500/6355 loss 0.3104 acc 93.27%
2026-10-02 08:20:26,592 |   epoch 1 step 3000/6355 loss 0.2978 acc 94.06%
2026-10-02 08:21:24,595 |   epoch 1 step 3500/6355 loss 0.2877 acc 94.68%
2026-10-02 08:22:22,618 |   epoch 1 step 4000/6355 loss 0.2807 acc 95.12%
2026-10-02 08:23:20,617 |   epoch 1 step 4500/6355 loss 0.2754 acc 95.44%
2026-10-02 08:24:18,632 |   epoch 1 step 5000/6355 loss 0.2707 acc 95.74%
2026-10-02 08:25:16,638 |   epoch 1 step 5500/6355 loss 0.2668 acc 95.98%
2026-10-02 08:26:14,655 |   epoch 1 step 6000/6355 loss 0.2633 acc 96.21%
Could not find platform independent libraries <prefix>
Could not find platform independent libraries <prefix>
2026-10-02 08:28:09,399 | Epoch 1: train loss 0.2613 acc 96.33% | val loss 0.2328 acc 98.19%  <- best (13.5 min)
2026-10-02 08:29:08,489 |   epoch 2 step 500/6355 loss 0.2280 acc 98.33%
2026-10-02 08:30:06,499 |   epoch 2 step 1000/6355 loss 0.2256 acc 98.53%
2026-10-02 08:31:04,507 |   epoch 2 step 1500/6355 loss 0.2257 acc 98.53%
2026-10-02 08:32:02,540 |   epoch 2 step 2000/6355 loss 0.2258 acc 98.52%
2026-10-02 08:33:00,550 |   epoch 2 step 2500/6355 loss 0.2246 acc 98.58%
2026-10-02 08:33:58,560 |   epoch 2 step 3000/6355 loss 0.2243 acc 98.61%
2026-10-02 08:34:56,580 |   epoch 2 step 3500/6355 loss 0.2235 acc 98.65%
2026-10-02 08:35:54,587 |   epoch 2 step 4000/6355 loss 0.2233 acc 98.67%
2026-10-02 08:36:52,610 |   epoch 2 step 4500/6355 loss 0.2234 acc 98.66%
2026-10-02 08:37:50,614 |   epoch 2 step 5000/6355 loss 0.2232 acc 98.68%
2026-10-02 08:38:48,634 |   epoch 2 step 5500/6355 loss 0.2231 acc 98.68%
2026-10-02 08:39:46,637 |   epoch 2 step 6000/6355 loss 0.2229 acc 98.68%
2026-10-02 08:41:36,508 | Epoch 2: train loss 0.2230 acc 98.68% | val loss 0.2251 acc 98.35%  <- best (13.4 min)
2026-10-02 08:42:37,878 |   epoch 3 step 500/6355 loss 0.2149 acc 98.97%
2026-10-02 08:43:36,911 |   epoch 3 step 1000/6355 loss 0.2178 acc 98.84%
2026-10-02 08:44:34,934 |   epoch 3 step 1500/6355 loss 0.2181 acc 98.85%
2026-10-02 08:45:32,948 |   epoch 3 step 2000/6355 loss 0.2197 acc 98.77%
2026-10-02 08:46:30,977 |   epoch 3 step 2500/6355 loss 0.2200 acc 98.75%
2026-10-02 08:47:28,981 |   epoch 3 step 3000/6355 loss 0.2202 acc 98.76%
2026-10-02 08:48:27,000 |   epoch 3 step 3500/6355 loss 0.2198 acc 98.78%
2026-10-02 08:49:25,007 |   epoch 3 step 4000/6355 loss 0.2194 acc 98.81%
2026-10-02 08:50:23,032 |   epoch 3 step 4500/6355 loss 0.2195 acc 98.80%
2026-10-02 08:51:21,070 |   epoch 3 step 5000/6355 loss 0.2197 acc 98.79%
2026-10-02 08:52:19,085 |   epoch 3 step 5500/6355 loss 0.2196 acc 98.78%
2026-10-02 08:53:17,095 |   epoch 3 step 6000/6355 loss 0.2197 acc 98.79%
2026-10-02 08:55:05,539 | Epoch 3: train loss 0.2196 acc 98.80% | val loss 0.2361 acc 97.35% (13.5 min)
2026-10-02 08:56:04,817 |   epoch 4 step 500/6355 loss 0.2202 acc 98.72%
2026-10-02 08:57:02,906 |   epoch 4 step 1000/6355 loss 0.2190 acc 98.83%
2026-10-02 08:58:00,986 |   epoch 4 step 1500/6355 loss 0.2181 acc 98.83%
2026-10-02 08:58:59,103 |   epoch 4 step 2000/6355 loss 0.2174 acc 98.90%
2026-10-02 08:59:57,107 |   epoch 4 step 2500/6355 loss 0.2174 acc 98.92%
2026-10-02 09:00:55,126 |   epoch 4 step 3000/6355 loss 0.2171 acc 98.92%
2026-10-02 09:01:53,234 |   epoch 4 step 3500/6355 loss 0.2170 acc 98.91%
2026-10-02 09:02:51,252 |   epoch 4 step 4000/6355 loss 0.2171 acc 98.91%
2026-10-02 09:03:49,257 |   epoch 4 step 4500/6355 loss 0.2173 acc 98.88%
2026-10-02 09:04:47,276 |   epoch 4 step 5000/6355 loss 0.2174 acc 98.89%
2026-10-02 09:05:45,345 |   epoch 4 step 5500/6355 loss 0.2176 acc 98.89%
2026-10-02 09:06:44,051 |   epoch 4 step 6000/6355 loss 0.2174 acc 98.90%
2026-10-02 09:08:33,349 | Epoch 4: train loss 0.2174 acc 98.90% | val loss 0.2309 acc 97.73% (13.4 min)
2026-10-02 09:09:34,124 |   epoch 5 step 500/6355 loss 0.2147 acc 99.08%
2026-10-02 09:10:32,990 |   epoch 5 step 1000/6355 loss 0.2150 acc 99.06%
2026-10-02 09:11:31,994 |   epoch 5 step 1500/6355 loss 0.2147 acc 99.07%
2026-10-02 09:12:31,489 |   epoch 5 step 2000/6355 loss 0.2150 acc 99.03%
2026-10-02 09:13:31,789 |   epoch 5 step 2500/6355 loss 0.2148 acc 99.06%
2026-10-02 09:14:30,832 |   epoch 5 step 3000/6355 loss 0.2150 acc 99.05%
2026-10-02 09:15:29,904 |   epoch 5 step 3500/6355 loss 0.2159 acc 98.98%
2026-10-02 09:16:29,571 |   epoch 5 step 4000/6355 loss 0.2160 acc 98.99%
2026-10-02 09:17:29,239 |   epoch 5 step 4500/6355 loss 0.2158 acc 99.00%
2026-10-02 09:18:28,903 |   epoch 5 step 5000/6355 loss 0.2157 acc 99.01%
2026-10-02 09:19:28,531 |   epoch 5 step 5500/6355 loss 0.2156 acc 99.02%
2026-10-02 09:20:27,935 |   epoch 5 step 6000/6355 loss 0.2158 acc 99.01%
2026-10-02 09:22:18,758 | Epoch 5: train loss 0.2158 acc 99.01% | val loss 0.2234 acc 98.50%  <- best (13.7 min)
2026-10-02 09:23:19,913 |   epoch 6 step 500/6355 loss 0.2137 acc 99.00%
2026-10-02 09:24:19,112 |   epoch 6 step 1000/6355 loss 0.2139 acc 99.03%
2026-10-02 09:25:18,531 |   epoch 6 step 1500/6355 loss 0.2140 acc 99.06%
2026-10-02 09:26:17,936 |   epoch 6 step 2000/6355 loss 0.2136 acc 99.08%
2026-10-02 09:27:17,315 |   epoch 6 step 2500/6355 loss 0.2143 acc 99.06%
2026-10-02 09:28:16,735 |   epoch 6 step 3000/6355 loss 0.2149 acc 99.01%
2026-10-02 09:29:15,738 |   epoch 6 step 3500/6355 loss 0.2149 acc 98.99%
2026-10-02 09:30:14,778 |   epoch 6 step 4000/6355 loss 0.2152 acc 98.98%
2026-10-02 09:31:13,800 |   epoch 6 step 4500/6355 loss 0.2148 acc 99.01%
2026-10-02 09:32:12,861 |   epoch 6 step 5000/6355 loss 0.2143 acc 99.04%
2026-10-02 09:33:11,918 |   epoch 6 step 5500/6355 loss 0.2143 acc 99.04%
2026-10-02 09:34:11,273 |   epoch 6 step 6000/6355 loss 0.2144 acc 99.04%
2026-10-02 09:36:02,201 | Epoch 6: train loss 0.2146 acc 99.01% | val loss 0.2277 acc 98.37% (13.7 min)
2026-10-02 09:37:03,640 |   epoch 7 step 500/6355 loss 0.2127 acc 99.05%
2026-10-02 09:38:02,881 |   epoch 7 step 1000/6355 loss 0.2142 acc 99.03%
2026-10-02 09:39:02,661 |   epoch 7 step 1500/6355 loss 0.2125 acc 99.12%
2026-10-02 09:40:02,126 |   epoch 7 step 2000/6355 loss 0.2117 acc 99.19%
2026-10-02 09:41:01,152 |   epoch 7 step 2500/6355 loss 0.2119 acc 99.19%
2026-10-02 09:42:00,196 |   epoch 7 step 3000/6355 loss 0.2122 acc 99.17%
2026-10-02 09:43:00,021 |   epoch 7 step 3500/6355 loss 0.2115 acc 99.21%
2026-10-02 09:43:59,638 |   epoch 7 step 4000/6355 loss 0.2116 acc 99.21%
2026-10-02 09:44:59,147 |   epoch 7 step 4500/6355 loss 0.2118 acc 99.19%
2026-10-02 09:45:58,526 |   epoch 7 step 5000/6355 loss 0.2123 acc 99.17%
2026-10-02 09:46:57,699 |   epoch 7 step 5500/6355 loss 0.2125 acc 99.15%
2026-10-02 09:47:57,138 |   epoch 7 step 6000/6355 loss 0.2124 acc 99.16%
2026-10-02 09:49:52,412 | Epoch 7: train loss 0.2125 acc 99.16% | val loss 0.2257 acc 98.38% (13.8 min)
2026-10-02 09:50:56,177 |   epoch 8 step 500/6355 loss 0.2137 acc 99.00%
2026-10-02 09:51:56,225 |   epoch 8 step 1000/6355 loss 0.2128 acc 99.06%
2026-10-02 09:52:56,239 |   epoch 8 step 1500/6355 loss 0.2131 acc 99.08%
2026-10-02 09:53:56,234 |   epoch 8 step 2000/6355 loss 0.2122 acc 99.12%
2026-10-02 09:54:56,091 |   epoch 8 step 2500/6355 loss 0.2124 acc 99.11%
2026-10-02 09:55:56,600 |   epoch 8 step 3000/6355 loss 0.2124 acc 99.11%
2026-10-02 09:56:56,351 |   epoch 8 step 3500/6355 loss 0.2126 acc 99.09%
2026-10-02 09:57:56,069 |   epoch 8 step 4000/6355 loss 0.2124 acc 99.10%
2026-10-02 09:58:55,812 |   epoch 8 step 4500/6355 loss 0.2124 acc 99.12%
2026-10-02 09:59:55,566 |   epoch 8 step 5000/6355 loss 0.2125 acc 99.12%
2026-10-02 10:00:55,613 |   epoch 8 step 5500/6355 loss 0.2126 acc 99.12%
2026-10-02 10:01:55,406 |   epoch 8 step 6000/6355 loss 0.2123 acc 99.14%
2026-10-02 10:03:48,923 | Epoch 8: train loss 0.2120 acc 99.16% | val loss 0.2244 acc 98.52%  <- best (13.9 min)
2026-10-02 10:04:50,265 |   epoch 9 step 500/6355 loss 0.2101 acc 99.38%
2026-10-02 10:05:50,481 |   epoch 9 step 1000/6355 loss 0.2105 acc 99.30%
2026-10-02 10:06:50,210 |   epoch 9 step 1500/6355 loss 0.2106 acc 99.28%
2026-10-02 10:07:50,031 |   epoch 9 step 2000/6355 loss 0.2105 acc 99.29%
2026-10-02 10:08:49,901 |   epoch 9 step 2500/6355 loss 0.2106 acc 99.30%
2026-10-02 10:09:49,763 |   epoch 9 step 3000/6355 loss 0.2112 acc 99.25%
2026-10-02 10:10:49,167 |   epoch 9 step 3500/6355 loss 0.2114 acc 99.22%
2026-10-02 10:11:48,601 |   epoch 9 step 4000/6355 loss 0.2110 acc 99.26%
2026-10-02 10:12:48,427 |   epoch 9 step 4500/6355 loss 0.2112 acc 99.24%
2026-10-02 10:13:48,762 |   epoch 9 step 5000/6355 loss 0.2111 acc 99.25%
2026-10-02 10:14:48,286 |   epoch 9 step 5500/6355 loss 0.2111 acc 99.25%
2026-10-02 10:15:47,809 |   epoch 9 step 6000/6355 loss 0.2109 acc 99.27%
2026-10-02 10:17:40,578 | Epoch 9: train loss 0.2110 acc 99.27% | val loss 0.2252 acc 98.46% (13.8 min)
2026-10-02 10:18:41,359 |   epoch 10 step 500/6355 loss 0.2100 acc 99.33%
2026-10-02 10:19:40,762 |   epoch 10 step 1000/6355 loss 0.2097 acc 99.31%
2026-10-02 10:20:40,160 |   epoch 10 step 1500/6355 loss 0.2096 acc 99.33%
2026-10-02 10:21:39,558 |   epoch 10 step 2000/6355 loss 0.2101 acc 99.30%
2026-10-02 10:22:38,936 |   epoch 10 step 2500/6355 loss 0.2099 acc 99.32%
2026-10-02 10:23:38,288 |   epoch 10 step 3000/6355 loss 0.2097 acc 99.33%
2026-10-02 10:24:37,677 |   epoch 10 step 3500/6355 loss 0.2101 acc 99.33%
2026-10-02 10:25:36,925 |   epoch 10 step 4000/6355 loss 0.2099 acc 99.33%
2026-10-02 10:26:35,880 |   epoch 10 step 4500/6355 loss 0.2100 acc 99.33%
2026-10-02 10:27:35,158 |   epoch 10 step 5000/6355 loss 0.2104 acc 99.30%
2026-10-02 10:28:34,323 |   epoch 10 step 5500/6355 loss 0.2102 acc 99.30%
2026-10-02 10:29:33,470 |   epoch 10 step 6000/6355 loss 0.2102 acc 99.30%
2026-10-02 10:31:24,680 | Epoch 10: train loss 0.2102 acc 99.30% | val loss 0.2251 acc 98.42% (13.7 min)
2026-10-02 10:32:36,749 | VAL: accuracy 98.52% (95% CI [98.327, 98.695]) | macro F1 98.49% | closed->open 1.42%
Could not find platform independent libraries <prefix>
Could not find platform independent libraries <prefix>
2026-10-02 10:34:00,889 | TEST: accuracy 97.46% (95% CI [97.217, 97.684]) | macro F1 97.45% | closed->open 2.49%
2026-10-02 10:34:00,893 | Per-subject test accuracy: {'s0004': 100.0, 's0016': 98.84, 's0020': 98.86, 's0025': 97.27, 's0030': 93.79, 's0033': 97.8, 's0037': 97.35}
2026-10-02 10:34:00,895 | Done. Outputs in B:\ViT Model\subject_disjoint\runs\kfold5_fold3_vit-base_base_strong_seed42
=== fold 3 exit 0 Fri Oct  2 10:34:03 EDT 2026
=== fold 4 start Fri Oct  2 10:34:03 EDT 2026
Could not find platform independent libraries <prefix>
2026-10-02 10:34:21,658 | HTTP Request: HEAD https://huggingface.co/google/vit-base-patch16-224/resolve/3f49326eb077187dfe1c2a2bb15fbd74e6ab91e3/processor_config.json "HTTP/1.1 404 Not Found"
Warning: You are sending unauthenticated requests to the HF Hub. Please set a HF_TOKEN to enable higher rate limits and faster downloads.
2026-10-02 10:34:21,658 | Warning: You are sending unauthenticated requests to the HF Hub. Please set a HF_TOKEN to enable higher rate limits and faster downloads.
2026-10-02 10:34:21,838 | HTTP Request: HEAD https://huggingface.co/google/vit-base-patch16-224/resolve/3f49326eb077187dfe1c2a2bb15fbd74e6ab91e3/processor_config.json "HTTP/1.1 404 Not Found"
[transformers] You passed `num_labels=2` which is incompatible to the `id2label` map of length `1000`.
Loading weights:   0%|          | 0/200 [00:00<?, ?it/s]Loading weights:  11%|#1        | 22/200 [00:00<00:00, 211.41it/s]Loading weights: 100%|##########| 200/200 [00:00<00:00, 1086.79it/s]
[transformers] [1mViTForImageClassification LOAD REPORT[0m from: google/vit-base-patch16-224
Key               | Status   |                                                                                          
------------------+----------+------------------------------------------------------------------------------------------
classifier.weight | MISMATCH | Reinit due to size mismatch - ckpt: torch.Size([1000, 768]) vs model:torch.Size([2, 768])
classifier.bias   | MISMATCH | Reinit due to size mismatch - ckpt: torch.Size([1000]) vs model:torch.Size([2])          

Notes:
- MISMATCH:	ckpt weights were loaded, but they did not match the original empty weight shapes.
2026-10-02 10:34:22,466 | Config: {"data_root": "data", "manifest": "subject_disjoint/manifests/kfold5_fold4.csv", "out_dir": null, "model": "vit-base", "train_set": "base", "online_aug": "strong", "seed": 42, "epochs": 10, "batch_size": 8, "grad_accum": 4, "lr": 2e-05, "weight_decay": 0.01, "warmup_ratio": 0.1, "label_smoothing": 0.1, "grad_clip": 1.0, "patience": 3, "precision": "auto", "workers": 2, "resume": true, "smoke": false, "allow_subject_overlap": false, "model_id": "google/vit-base-patch16-224@3f49326eb077187dfe1c2a2bb15fbd74e6ab91e3", "n_variants": 1, "amp_dtype": "torch.bfloat16", "device": "cuda", "gpu": "NVIDIA GeForce RTX 3050 Ti Laptop GPU", "torch": "2.14.0+cu126", "transformers": "5.17.0", "python": "3.11.9", "total_steps": 15620, "warmup_steps": 1562, "images": {"train": 49979, "val": 18344, "test": 16575}, "train_samples_per_epoch": 49979}
2026-10-02 10:34:22,467 | Subjects train/val/test: 22/8/7
Could not find platform independent libraries <prefix>
Could not find platform independent libraries <prefix>
2026-10-02 10:35:26,433 |   epoch 1 step 500/6248 loss 0.5684 acc 73.15%
2026-10-02 10:36:25,446 |   epoch 1 step 1000/6248 loss 0.4336 acc 84.25%
2026-10-02 10:37:24,777 |   epoch 1 step 1500/6248 loss 0.3695 acc 88.73%
2026-10-02 10:38:24,130 |   epoch 1 step 2000/6248 loss 0.3373 acc 90.91%
2026-10-02 10:39:23,039 |   epoch 1 step 2500/6248 loss 0.3184 acc 92.24%
2026-10-02 10:40:21,776 |   epoch 1 step 3000/6248 loss 0.3048 acc 93.15%
2026-10-02 10:41:21,438 |   epoch 1 step 3500/6248 loss 0.2952 acc 93.81%
2026-10-02 10:42:20,349 |   epoch 1 step 4000/6248 loss 0.2873 acc 94.35%
2026-10-02 10:43:19,626 |   epoch 1 step 4500/6248 loss 0.2816 acc 94.74%
2026-10-02 10:44:20,262 |   epoch 1 step 5000/6248 loss 0.2762 acc 95.11%
2026-10-02 10:45:20,204 |   epoch 1 step 5500/6248 loss 0.2725 acc 95.38%
2026-10-02 10:46:19,523 |   epoch 1 step 6000/6248 loss 0.2693 acc 95.60%
Could not find platform independent libraries <prefix>
Could not find platform independent libraries <prefix>
2026-10-02 10:48:12,111 | Epoch 1: train loss 0.2676 acc 95.71% | val loss 0.2372 acc 97.79%  <- best (13.8 min)
2026-10-02 10:49:13,576 |   epoch 2 step 500/6248 loss 0.2353 acc 98.05%
2026-10-02 10:50:13,419 |   epoch 2 step 1000/6248 loss 0.2322 acc 98.25%
2026-10-02 10:51:12,729 |   epoch 2 step 1500/6248 loss 0.2307 acc 98.33%
2026-10-02 10:52:12,350 |   epoch 2 step 2000/6248 loss 0.2281 acc 98.47%
2026-10-02 10:53:11,996 |   epoch 2 step 2500/6248 loss 0.2269 acc 98.53%
2026-10-02 10:54:11,460 |   epoch 2 step 3000/6248 loss 0.2273 acc 98.50%
2026-10-02 10:55:10,921 |   epoch 2 step 3500/6248 loss 0.2270 acc 98.51%
2026-10-02 10:56:10,377 |   epoch 2 step 4000/6248 loss 0.2267 acc 98.50%
2026-10-02 10:57:09,834 |   epoch 2 step 4500/6248 loss 0.2260 acc 98.54%
2026-10-02 10:58:09,298 |   epoch 2 step 5000/6248 loss 0.2256 acc 98.55%
2026-10-02 10:59:08,702 |   epoch 2 step 5500/6248 loss 0.2251 acc 98.58%
2026-10-02 11:00:07,373 |   epoch 2 step 6000/6248 loss 0.2248 acc 98.59%
2026-10-02 11:01:54,136 | Epoch 2: train loss 0.2245 acc 98.60% | val loss 0.2330 acc 97.93%  <- best (13.7 min)
2026-10-02 11:02:54,772 |   epoch 3 step 500/6248 loss 0.2185 acc 98.97%
2026-10-02 11:03:54,449 |   epoch 3 step 1000/6248 loss 0.2207 acc 98.80%
2026-10-02 11:04:54,113 |   epoch 3 step 1500/6248 loss 0.2217 acc 98.73%
2026-10-02 11:05:53,767 |   epoch 3 step 2000/6248 loss 0.2220 acc 98.73%
2026-10-02 11:06:52,504 |   epoch 3 step 2500/6248 loss 0.2215 acc 98.73%
2026-10-02 11:07:51,635 |   epoch 3 step 3000/6248 loss 0.2205 acc 98.78%
2026-10-02 11:08:50,931 |   epoch 3 step 3500/6248 loss 0.2204 acc 98.77%
2026-10-02 11:09:50,307 |   epoch 3 step 4000/6248 loss 0.2210 acc 98.73%
2026-10-02 11:10:49,665 |   epoch 3 step 4500/6248 loss 0.2209 acc 98.74%
2026-10-02 11:11:48,991 |   epoch 3 step 5000/6248 loss 0.2207 acc 98.75%
2026-10-02 11:12:48,331 |   epoch 3 step 5500/6248 loss 0.2211 acc 98.73%
2026-10-02 11:13:48,182 |   epoch 3 step 6000/6248 loss 0.2210 acc 98.73%
2026-10-02 11:15:34,909 | Epoch 3: train loss 0.2210 acc 98.74% | val loss 0.2619 acc 96.35% (13.7 min)
2026-10-02 11:16:35,688 |   epoch 4 step 500/6248 loss 0.2210 acc 98.72%
2026-10-02 11:17:35,318 |   epoch 4 step 1000/6248 loss 0.2207 acc 98.76%
2026-10-02 11:18:34,844 |   epoch 4 step 1500/6248 loss 0.2193 acc 98.83%
2026-10-02 11:19:34,028 |   epoch 4 step 2000/6248 loss 0.2193 acc 98.81%
2026-10-02 11:20:32,996 |   epoch 4 step 2500/6248 loss 0.2186 acc 98.85%
2026-10-02 11:21:32,526 |   epoch 4 step 3000/6248 loss 0.2186 acc 98.85%
2026-10-02 11:22:32,015 |   epoch 4 step 3500/6248 loss 0.2187 acc 98.85%
2026-10-02 11:23:31,480 |   epoch 4 step 4000/6248 loss 0.2186 acc 98.85%
2026-10-02 11:24:30,969 |   epoch 4 step 4500/6248 loss 0.2185 acc 98.87%
2026-10-02 11:25:30,467 |   epoch 4 step 5000/6248 loss 0.2181 acc 98.90%
2026-10-02 11:26:29,959 |   epoch 4 step 5500/6248 loss 0.2181 acc 98.90%
2026-10-02 11:27:29,435 |   epoch 4 step 6000/6248 loss 0.2184 acc 98.89%
2026-10-02 11:29:16,586 | Epoch 4: train loss 0.2184 acc 98.89% | val loss 0.2361 acc 97.73% (13.7 min)
2026-10-02 11:30:17,852 |   epoch 5 step 500/6248 loss 0.2193 acc 98.78%
2026-10-02 11:31:17,341 |   epoch 5 step 1000/6248 loss 0.2161 acc 98.97%
2026-10-02 11:32:16,859 |   epoch 5 step 1500/6248 loss 0.2159 acc 98.97%
2026-10-02 11:33:16,562 |   epoch 5 step 2000/6248 loss 0.2162 acc 98.99%
2026-10-02 11:34:16,633 |   epoch 5 step 2500/6248 loss 0.2164 acc 98.98%
2026-10-02 11:35:16,273 |   epoch 5 step 3000/6248 loss 0.2166 acc 98.97%
2026-10-02 11:36:16,046 |   epoch 5 step 3500/6248 loss 0.2168 acc 98.95%
2026-10-02 11:37:15,749 |   epoch 5 step 4000/6248 loss 0.2167 acc 98.97%
2026-10-02 11:38:15,127 |   epoch 5 step 4500/6248 loss 0.2167 acc 98.96%
2026-10-02 11:39:14,324 |   epoch 5 step 5000/6248 loss 0.2167 acc 98.95%
2026-10-02 11:40:13,793 |   epoch 5 step 5500/6248 loss 0.2166 acc 98.98%
2026-10-02 11:41:13,277 |   epoch 5 step 6000/6248 loss 0.2164 acc 98.99%
2026-10-02 11:43:00,496 | Epoch 5: train loss 0.2163 acc 99.00% | val loss 0.2331 acc 97.97%  <- best (13.7 min)
2026-10-02 11:44:02,110 |   epoch 6 step 500/6248 loss 0.2151 acc 99.05%
2026-10-02 11:45:02,917 |   epoch 6 step 1000/6248 loss 0.2146 acc 99.12%
2026-10-02 11:46:02,521 |   epoch 6 step 1500/6248 loss 0.2158 acc 99.02%
2026-10-02 11:47:02,784 |   epoch 6 step 2000/6248 loss 0.2154 acc 99.04%
2026-10-02 11:48:03,132 |   epoch 6 step 2500/6248 loss 0.2148 acc 99.08%
2026-10-02 11:49:03,472 |   epoch 6 step 3000/6248 loss 0.2146 acc 99.10%
2026-10-02 11:50:03,028 |   epoch 6 step 3500/6248 loss 0.2149 acc 99.09%
2026-10-02 11:51:02,536 |   epoch 6 step 4000/6248 loss 0.2149 acc 99.10%
2026-10-02 11:52:02,084 |   epoch 6 step 4500/6248 loss 0.2150 acc 99.08%
2026-10-02 11:53:01,865 |   epoch 6 step 5000/6248 loss 0.2148 acc 99.09%
2026-10-02 11:54:02,164 |   epoch 6 step 5500/6248 loss 0.2147 acc 99.09%
2026-10-02 11:55:01,917 |   epoch 6 step 6000/6248 loss 0.2148 acc 99.08%
2026-10-02 11:56:49,545 | Epoch 6: train loss 0.2149 acc 99.07% | val loss 0.2432 acc 97.51% (13.8 min)
2026-10-02 11:57:51,280 |   epoch 7 step 500/6248 loss 0.2096 acc 99.53%
2026-10-02 11:58:51,616 |   epoch 7 step 1000/6248 loss 0.2110 acc 99.39%
2026-10-02 11:59:52,279 |   epoch 7 step 1500/6248 loss 0.2113 acc 99.38%
2026-10-02 12:00:51,905 |   epoch 7 step 2000/6248 loss 0.2121 acc 99.30%
2026-10-02 12:01:51,890 |   epoch 7 step 2500/6248 loss 0.2123 acc 99.28%
2026-10-02 12:02:51,773 |   epoch 7 step 3000/6248 loss 0.2127 acc 99.22%
2026-10-02 12:03:51,616 |   epoch 7 step 3500/6248 loss 0.2126 acc 99.22%
2026-10-02 12:04:51,473 |   epoch 7 step 4000/6248 loss 0.2132 acc 99.20%
2026-10-02 12:05:51,331 |   epoch 7 step 4500/6248 loss 0.2131 acc 99.19%
2026-10-02 12:06:51,203 |   epoch 7 step 5000/6248 loss 0.2128 acc 99.21%
2026-10-02 12:07:51,064 |   epoch 7 step 5500/6248 loss 0.2133 acc 99.17%
2026-10-02 12:08:50,926 |   epoch 7 step 6000/6248 loss 0.2132 acc 99.18%
2026-10-02 12:10:38,810 | Epoch 7: train loss 0.2132 acc 99.18% | val loss 0.2405 acc 97.42% (13.8 min)
2026-10-02 12:11:40,907 |   epoch 8 step 500/6248 loss 0.2114 acc 99.33%
2026-10-02 12:12:41,153 |   epoch 8 step 1000/6248 loss 0.2115 acc 99.25%
2026-10-02 12:13:41,385 |   epoch 8 step 1500/6248 loss 0.2116 acc 99.22%
2026-10-02 12:14:42,902 |   epoch 8 step 2000/6248 loss 0.2122 acc 99.19%
2026-10-02 12:15:42,524 |   epoch 8 step 2500/6248 loss 0.2125 acc 99.20%
2026-10-02 12:16:43,088 |   epoch 8 step 3000/6248 loss 0.2125 acc 99.19%
2026-10-02 12:17:43,319 |   epoch 8 step 3500/6248 loss 0.2127 acc 99.17%
2026-10-02 12:18:43,875 |   epoch 8 step 4000/6248 loss 0.2127 acc 99.19%
2026-10-02 12:19:44,284 |   epoch 8 step 4500/6248 loss 0.2125 acc 99.21%
2026-10-02 12:20:44,214 |   epoch 8 step 5000/6248 loss 0.2125 acc 99.20%
2026-10-02 12:21:44,127 |   epoch 8 step 5500/6248 loss 0.2121 acc 99.22%
2026-10-02 12:22:44,017 |   epoch 8 step 6000/6248 loss 0.2123 acc 99.21%
2026-10-02 12:24:31,639 | Epoch 8: train loss 0.2123 acc 99.22% | val loss 0.2380 acc 97.75% (13.9 min)
2026-10-02 12:24:32,614 | Early stopping after epoch 8
2026-10-02 12:25:51,645 | VAL: accuracy 97.97% (95% CI [97.758, 98.166]) | macro F1 97.97% | closed->open 1.34%
Could not find platform independent libraries <prefix>
Could not find platform independent libraries <prefix>
2026-10-02 12:27:09,133 | TEST: accuracy 98.82% (95% CI [98.641, 98.971]) | macro F1 98.79% | closed->open 1.30%
2026-10-02 12:27:09,134 | Per-subject test accuracy: {'s0003': 99.12, 's0006': 95.45, 's0009': 97.93, 's0019': 100.0, 's0028': 97.01, 's0029': 98.56, 's0036': 98.48}
2026-10-02 12:27:09,134 | Done. Outputs in B:\ViT Model\subject_disjoint\runs\kfold5_fold4_vit-base_base_strong_seed42
=== fold 4 exit 0 Fri Oct  2 12:27:11 EDT 2026
KFOLD_ALL_DONE Fri Oct  2 12:27:11 EDT 2026
