2026-09-28 21:57:44,287 | HTTP Request: GET https://huggingface.co/api/agent-harnesses "HTTP/1.1 200 OK"
2026-09-28 21:57:44,440 | HTTP Request: HEAD https://huggingface.co/google/vit-base-patch16-224/resolve/3f49326eb077187dfe1c2a2bb15fbd74e6ab91e3/processor_config.json "HTTP/1.1 404 Not Found"
2026-09-28 21:57:44,442 | Warning: You are sending unauthenticated requests to the HF Hub. Please set a HF_TOKEN to enable higher rate limits and faster downloads.
2026-09-28 21:57:44,628 | HTTP Request: HEAD https://huggingface.co/google/vit-base-patch16-224/resolve/3f49326eb077187dfe1c2a2bb15fbd74e6ab91e3/processor_config.json "HTTP/1.1 404 Not Found"
2026-09-28 21:57:46,222 | Config: {"data_root": "data", "manifest": "subject_disjoint/manifests/kaggle_split.csv", "out_dir": null, "model": "vit-base", "train_set": "base", "online_aug": "strong", "seed": 42, "epochs": 10, "batch_size": 8, "grad_accum": 4, "lr": 2e-05, "weight_decay": 0.01, "warmup_ratio": 0.1, "label_smoothing": 0.1, "grad_clip": 1.0, "patience": 3, "precision": "auto", "workers": 2, "resume": true, "smoke": false, "allow_subject_overlap": true, "model_id": "google/vit-base-patch16-224@3f49326eb077187dfe1c2a2bb15fbd74e6ab91e3", "n_variants": 1, "amp_dtype": "torch.bfloat16", "device": "cuda", "gpu": "NVIDIA GeForce RTX 3050 Ti Laptop GPU", "torch": "2.14.0+cu126", "transformers": "5.17.0", "python": "3.11.9", "total_steps": 15920, "warmup_steps": 1592, "images": {"train": 50937, "val": 16980, "test": 16981}, "train_samples_per_epoch": 50937}
2026-09-28 21:57:46,222 | Subjects train/val/test: 37/37/37
2026-09-28 21:58:44,650 |   epoch 1 step 500/6368 loss 0.5766 acc 73.08%
2026-09-28 21:59:39,531 |   epoch 1 step 1000/6368 loss 0.4398 acc 83.95%
2026-09-28 22:00:36,093 |   epoch 1 step 1500/6368 loss 0.3775 acc 88.32%
2026-09-28 22:01:33,906 |   epoch 1 step 2000/6368 loss 0.3446 acc 90.60%
2026-09-28 22:02:28,625 |   epoch 1 step 2500/6368 loss 0.3237 acc 92.07%
2026-09-28 22:03:23,317 |   epoch 1 step 3000/6368 loss 0.3102 acc 92.97%
2026-09-28 22:04:17,912 |   epoch 1 step 3500/6368 loss 0.2999 acc 93.64%
2026-09-28 22:05:12,779 |   epoch 1 step 4000/6368 loss 0.2916 acc 94.19%
2026-09-28 22:06:08,118 |   epoch 1 step 4500/6368 loss 0.2852 acc 94.63%
2026-09-28 22:07:02,812 |   epoch 1 step 5000/6368 loss 0.2799 acc 94.98%
2026-09-28 22:07:57,704 |   epoch 1 step 5500/6368 loss 0.2752 acc 95.30%
2026-09-28 22:08:53,249 |   epoch 1 step 6000/6368 loss 0.2722 acc 95.51%
2026-09-28 22:11:01,640 | Epoch 1: train loss 0.2697 acc 95.68% | val loss 0.2199 acc 98.79%  <- best (13.2 min)
2026-09-28 22:11:58,065 |   epoch 2 step 500/6368 loss 0.2316 acc 98.22%
2026-09-28 22:12:55,593 |   epoch 2 step 1000/6368 loss 0.2276 acc 98.42%
2026-09-28 22:13:51,925 |   epoch 2 step 1500/6368 loss 0.2256 acc 98.56%
2026-09-28 22:14:48,244 |   epoch 2 step 2000/6368 loss 0.2255 acc 98.53%
2026-09-28 22:15:43,528 |   epoch 2 step 2500/6368 loss 0.2266 acc 98.47%
2026-09-28 22:16:38,782 |   epoch 2 step 3000/6368 loss 0.2274 acc 98.40%
2026-09-28 22:17:35,325 |   epoch 2 step 3500/6368 loss 0.2280 acc 98.41%
2026-09-28 22:18:30,510 |   epoch 2 step 4000/6368 loss 0.2275 acc 98.43%
2026-09-28 22:19:25,904 |   epoch 2 step 4500/6368 loss 0.2266 acc 98.46%
2026-09-28 22:20:21,237 |   epoch 2 step 5000/6368 loss 0.2272 acc 98.41%
2026-09-28 22:21:16,756 |   epoch 2 step 5500/6368 loss 0.2269 acc 98.44%
2026-09-28 22:22:12,082 |   epoch 2 step 6000/6368 loss 0.2267 acc 98.45%
2026-09-28 22:24:08,818 | Epoch 2: train loss 0.2265 acc 98.46% | val loss 0.2218 acc 98.66% (13.1 min)
2026-09-28 22:25:05,050 |   epoch 3 step 500/6368 loss 0.2180 acc 98.83%
2026-09-28 22:26:00,177 |   epoch 3 step 1000/6368 loss 0.2212 acc 98.61%
2026-09-28 22:26:55,416 |   epoch 3 step 1500/6368 loss 0.2220 acc 98.55%
2026-09-28 22:27:50,598 |   epoch 3 step 2000/6368 loss 0.2219 acc 98.59%
2026-09-28 22:28:45,504 |   epoch 3 step 2500/6368 loss 0.2221 acc 98.61%
2026-09-28 22:29:40,731 |   epoch 3 step 3000/6368 loss 0.2221 acc 98.62%
2026-09-28 22:30:35,824 |   epoch 3 step 3500/6368 loss 0.2224 acc 98.62%
2026-09-28 22:31:31,141 |   epoch 3 step 4000/6368 loss 0.2219 acc 98.65%
2026-09-28 22:32:26,392 |   epoch 3 step 4500/6368 loss 0.2219 acc 98.67%
2026-09-28 22:33:21,853 |   epoch 3 step 5000/6368 loss 0.2220 acc 98.66%
2026-09-28 22:34:17,023 |   epoch 3 step 5500/6368 loss 0.2219 acc 98.66%
2026-09-28 22:35:12,111 |   epoch 3 step 6000/6368 loss 0.2220 acc 98.65%
2026-09-28 22:36:58,526 | Epoch 3: train loss 0.2216 acc 98.67% | val loss 0.2155 acc 99.04%  <- best (12.8 min)
2026-09-28 22:37:54,419 |   epoch 4 step 500/6368 loss 0.2193 acc 98.70%
2026-09-28 22:38:49,377 |   epoch 4 step 1000/6368 loss 0.2200 acc 98.64%
2026-09-28 22:39:44,372 |   epoch 4 step 1500/6368 loss 0.2199 acc 98.64%
2026-09-28 22:40:39,682 |   epoch 4 step 2000/6368 loss 0.2189 acc 98.76%
2026-09-28 22:41:35,003 |   epoch 4 step 2500/6368 loss 0.2183 acc 98.80%
2026-09-28 22:42:30,325 |   epoch 4 step 3000/6368 loss 0.2188 acc 98.77%
2026-09-28 22:43:25,645 |   epoch 4 step 3500/6368 loss 0.2185 acc 98.79%
2026-09-28 22:44:20,973 |   epoch 4 step 4000/6368 loss 0.2190 acc 98.78%
2026-09-28 22:45:16,344 |   epoch 4 step 4500/6368 loss 0.2186 acc 98.81%
2026-09-28 22:46:11,788 |   epoch 4 step 5000/6368 loss 0.2189 acc 98.80%
2026-09-28 22:47:07,279 |   epoch 4 step 5500/6368 loss 0.2189 acc 98.80%
2026-09-28 22:48:02,795 |   epoch 4 step 6000/6368 loss 0.2188 acc 98.79%
2026-09-28 22:49:50,095 | Epoch 4: train loss 0.2186 acc 98.82% | val loss 0.2145 acc 99.09%  <- best (12.8 min)
2026-09-28 22:50:46,433 |   epoch 5 step 500/6368 loss 0.2131 acc 99.17%
2026-09-28 22:51:41,956 |   epoch 5 step 1000/6368 loss 0.2145 acc 98.99%
2026-09-28 22:52:37,465 |   epoch 5 step 1500/6368 loss 0.2155 acc 98.91%
2026-09-28 22:53:32,977 |   epoch 5 step 2000/6368 loss 0.2162 acc 98.89%
2026-09-28 22:54:28,479 |   epoch 5 step 2500/6368 loss 0.2164 acc 98.89%
2026-09-28 22:55:23,822 |   epoch 5 step 3000/6368 loss 0.2158 acc 98.95%
2026-09-28 22:56:19,139 |   epoch 5 step 3500/6368 loss 0.2163 acc 98.92%
2026-09-28 22:57:14,583 |   epoch 5 step 4000/6368 loss 0.2164 acc 98.93%
2026-09-28 22:58:10,042 |   epoch 5 step 4500/6368 loss 0.2167 acc 98.92%
2026-09-28 22:59:05,500 |   epoch 5 step 5000/6368 loss 0.2167 acc 98.93%
2026-09-28 23:00:00,950 |   epoch 5 step 5500/6368 loss 0.2167 acc 98.94%
2026-09-28 23:00:56,400 |   epoch 5 step 6000/6368 loss 0.2167 acc 98.94%
2026-09-28 23:02:42,933 | Epoch 5: train loss 0.2168 acc 98.94% | val loss 0.2158 acc 99.04% (12.9 min)
2026-09-28 23:03:39,284 |   epoch 6 step 500/6368 loss 0.2141 acc 99.20%
2026-09-28 23:04:34,649 |   epoch 6 step 1000/6368 loss 0.2136 acc 99.19%
2026-09-28 23:05:30,016 |   epoch 6 step 1500/6368 loss 0.2153 acc 99.07%
2026-09-28 23:06:25,371 |   epoch 6 step 2000/6368 loss 0.2145 acc 99.07%
2026-09-28 23:07:20,735 |   epoch 6 step 2500/6368 loss 0.2146 acc 99.07%
2026-09-28 23:08:16,095 |   epoch 6 step 3000/6368 loss 0.2157 acc 98.98%
2026-09-28 23:09:11,440 |   epoch 6 step 3500/6368 loss 0.2159 acc 98.98%
2026-09-28 23:10:06,801 |   epoch 6 step 4000/6368 loss 0.2161 acc 98.95%
2026-09-28 23:11:02,168 |   epoch 6 step 4500/6368 loss 0.2161 acc 98.93%
2026-09-28 23:11:57,536 |   epoch 6 step 5000/6368 loss 0.2156 acc 98.97%
2026-09-28 23:12:52,892 |   epoch 6 step 5500/6368 loss 0.2159 acc 98.96%
2026-09-28 23:13:48,252 |   epoch 6 step 6000/6368 loss 0.2162 acc 98.95%
2026-09-28 23:15:34,863 | Epoch 6: train loss 0.2160 acc 98.95% | val loss 0.2175 acc 98.96% (12.8 min)
2026-09-28 23:16:31,035 |   epoch 7 step 500/6368 loss 0.2136 acc 99.12%
2026-09-28 23:17:26,520 |   epoch 7 step 1000/6368 loss 0.2148 acc 99.04%
2026-09-28 23:18:22,008 |   epoch 7 step 1500/6368 loss 0.2152 acc 99.03%
2026-09-28 23:19:17,497 |   epoch 7 step 2000/6368 loss 0.2139 acc 99.11%
2026-09-28 23:20:12,973 |   epoch 7 step 2500/6368 loss 0.2136 acc 99.14%
2026-09-28 23:21:08,452 |   epoch 7 step 3000/6368 loss 0.2139 acc 99.12%
2026-09-28 23:22:03,947 |   epoch 7 step 3500/6368 loss 0.2138 acc 99.14%
2026-09-28 23:22:59,437 |   epoch 7 step 4000/6368 loss 0.2141 acc 99.12%
2026-09-28 23:23:54,926 |   epoch 7 step 4500/6368 loss 0.2140 acc 99.11%
2026-09-28 23:24:50,415 |   epoch 7 step 5000/6368 loss 0.2139 acc 99.11%
2026-09-28 23:25:45,922 |   epoch 7 step 5500/6368 loss 0.2137 acc 99.11%
2026-09-28 23:26:41,423 |   epoch 7 step 6000/6368 loss 0.2134 acc 99.13%
2026-09-28 23:28:28,713 | Epoch 7: train loss 0.2135 acc 99.12% | val loss 0.2145 acc 99.12%  <- best (12.9 min)
2026-09-28 23:29:24,933 |   epoch 8 step 500/6368 loss 0.2134 acc 99.12%
2026-09-28 23:30:20,647 |   epoch 8 step 1000/6368 loss 0.2126 acc 99.15%
2026-09-28 23:31:16,121 |   epoch 8 step 1500/6368 loss 0.2121 acc 99.17%
2026-09-28 23:32:11,413 |   epoch 8 step 2000/6368 loss 0.2124 acc 99.18%
2026-09-28 23:33:06,749 |   epoch 8 step 2500/6368 loss 0.2124 acc 99.17%
2026-09-28 23:34:02,092 |   epoch 8 step 3000/6368 loss 0.2125 acc 99.17%
2026-09-28 23:34:57,548 |   epoch 8 step 3500/6368 loss 0.2120 acc 99.21%
2026-09-28 23:35:53,052 |   epoch 8 step 4000/6368 loss 0.2116 acc 99.22%
2026-09-28 23:36:48,359 |   epoch 8 step 4500/6368 loss 0.2123 acc 99.19%
2026-09-28 23:37:43,677 |   epoch 8 step 5000/6368 loss 0.2119 acc 99.22%
2026-09-28 23:38:39,244 |   epoch 8 step 5500/6368 loss 0.2122 acc 99.20%
2026-09-28 23:39:34,789 |   epoch 8 step 6000/6368 loss 0.2124 acc 99.19%
2026-09-28 23:41:22,009 | Epoch 8: train loss 0.2125 acc 99.19% | val loss 0.2139 acc 99.17%  <- best (12.9 min)
2026-09-28 23:42:18,218 |   epoch 9 step 500/6368 loss 0.2092 acc 99.40%
2026-09-28 23:43:13,645 |   epoch 9 step 1000/6368 loss 0.2103 acc 99.33%
2026-09-28 23:44:09,236 |   epoch 9 step 1500/6368 loss 0.2104 acc 99.33%
2026-09-28 23:45:04,813 |   epoch 9 step 2000/6368 loss 0.2099 acc 99.34%
2026-09-28 23:46:00,401 |   epoch 9 step 2500/6368 loss 0.2100 acc 99.34%
2026-09-28 23:46:55,993 |   epoch 9 step 3000/6368 loss 0.2100 acc 99.35%
2026-09-28 23:47:51,591 |   epoch 9 step 3500/6368 loss 0.2106 acc 99.33%
2026-09-28 23:48:47,100 |   epoch 9 step 4000/6368 loss 0.2102 acc 99.34%
2026-09-28 23:49:42,591 |   epoch 9 step 4500/6368 loss 0.2104 acc 99.33%
2026-09-28 23:50:38,217 |   epoch 9 step 5000/6368 loss 0.2103 acc 99.33%
2026-09-28 23:51:33,740 |   epoch 9 step 5500/6368 loss 0.2109 acc 99.29%
2026-09-28 23:52:29,136 |   epoch 9 step 6000/6368 loss 0.2110 acc 99.28%
2026-09-28 23:54:15,992 | Epoch 9: train loss 0.2111 acc 99.28% | val loss 0.2136 acc 99.16% (12.9 min)
2026-09-28 23:55:12,116 |   epoch 10 step 500/6368 loss 0.2102 acc 99.22%
2026-09-28 23:56:07,404 |   epoch 10 step 1000/6368 loss 0.2114 acc 99.22%
2026-09-28 23:57:02,860 |   epoch 10 step 1500/6368 loss 0.2107 acc 99.24%
2026-09-28 23:57:58,241 |   epoch 10 step 2000/6368 loss 0.2107 acc 99.24%
2026-09-28 23:58:53,825 |   epoch 10 step 2500/6368 loss 0.2103 acc 99.25%
2026-09-28 23:59:49,403 |   epoch 10 step 3000/6368 loss 0.2109 acc 99.25%
2026-09-29 00:00:44,588 |   epoch 10 step 3500/6368 loss 0.2108 acc 99.25%
2026-09-29 00:01:40,046 |   epoch 10 step 4000/6368 loss 0.2113 acc 99.22%
2026-09-29 00:02:35,508 |   epoch 10 step 4500/6368 loss 0.2113 acc 99.21%
2026-09-29 00:03:31,109 |   epoch 10 step 5000/6368 loss 0.2113 acc 99.22%
2026-09-29 00:04:26,540 |   epoch 10 step 5500/6368 loss 0.2114 acc 99.22%
2026-09-29 00:05:22,047 |   epoch 10 step 6000/6368 loss 0.2114 acc 99.23%
2026-09-29 00:07:08,861 | Epoch 10: train loss 0.2113 acc 99.23% | val loss 0.2136 acc 99.17% (12.9 min)
2026-09-29 00:08:15,743 | VAL: accuracy 99.17% (95% CI [99.022, 99.295]) | macro F1 99.17% | closed->open 0.87%
2026-09-29 00:09:29,995 | TEST: accuracy 99.19% (95% CI [99.047, 99.317]) | macro F1 99.19% | closed->open 0.83%
2026-09-29 00:09:29,998 | Per-subject test accuracy: {'s0001': 98.17, 's0002': 99.55, 's0003': 98.58, 's0004': 100.0, 's0005': 100.0, 's0006': 100.0, 's0007': 99.15, 's0008': 100.0, 's0009': 97.06, 's0010': 100.0, 's0011': 99.71, 's0012': 99.65, 's0013': 98.13, 's0014': 99.94, 's0015': 99.58, 's0016': 99.42, 's0017': 100.0, 's0018': 99.09, 's0019': 100.0, 's0020': 97.73, 's0021': 98.35, 's0022': 92.96, 's0023': 98.36, 's0024': 97.92, 's0025': 97.15, 's0026': 98.73, 's0027': 96.06, 's0028': 99.32, 's0029': 99.25, 's0030': 95.56, 's0031': 97.27, 's0032': 99.43, 's0033': 99.2, 's0034': 98.63, 's0035': 100.0, 's0036': 99.52, 's0037': 99.38}
2026-09-29 00:09:30,000 | Done. Outputs in B:\ViT Model\subject_disjoint\runs\kaggle_split_vit-base_base_strong_seed42
