2026-03-31 21:39:32,155 | INFO | Logging initialized. Log file: ./logs\training_20260331_213932.log
2026-03-31 21:39:33,630 | INFO | GPU Available: NVIDIA GeForce RTX 3050 Ti Laptop GPU
2026-03-31 21:39:33,630 | INFO | GPU Memory: 4.29 GB
2026-03-31 21:39:33,635 | INFO | 
==================================================
2026-03-31 21:39:33,636 | INFO | STEP 1: Loading Dataset
2026-03-31 21:39:33,637 | INFO | ==================================================
2026-03-31 21:39:33,637 | INFO | Loading dataset from: data
2026-03-31 21:39:34,450 | INFO | HTTP Request: HEAD https://s3.amazonaws.com/datasets.huggingface.co/datasets/datasets/imagefolder/imagefolder.py "HTTP/1.1 404 Not Found"
2026-03-31 21:40:37,511 | INFO | Dataset loaded successfully!
2026-03-31 21:40:37,511 | INFO | Available splits: ['train', 'validation', 'test']
2026-03-31 21:40:37,511 | INFO | Train size: 50937
2026-03-31 21:40:37,511 | INFO | Validation size: 16980
2026-03-31 21:40:37,511 | INFO | Test size: 16981
2026-03-31 21:40:37,511 | INFO | Using FULL dataset
2026-03-31 21:40:37,512 | INFO | 
==================================================
2026-03-31 21:40:37,512 | INFO | STEP 2: Setting Up Labels
2026-03-31 21:40:37,512 | INFO | ==================================================
2026-03-31 21:40:37,512 | INFO | Classes found: ['awake', 'sleepy']
2026-03-31 21:40:37,512 | INFO | Number of classes: 2
2026-03-31 21:40:37,512 | INFO | 
==================================================
2026-03-31 21:40:37,512 | INFO | STEP 3: Setting Up Image Transforms
2026-03-31 21:40:37,512 | INFO | ==================================================
2026-03-31 21:40:37,698 | INFO | HTTP Request: HEAD https://huggingface.co/WinKawaks/vit-tiny-patch16-224/resolve/main/processor_config.json "HTTP/1.1 404 Not Found"
2026-03-31 21:40:37,699 | WARNING | Warning: You are sending unauthenticated requests to the HF Hub. Please set a HF_TOKEN to enable higher rate limits and faster downloads.
2026-03-31 21:40:37,870 | INFO | HTTP Request: HEAD https://huggingface.co/WinKawaks/vit-tiny-patch16-224/resolve/main/preprocessor_config.json "HTTP/1.1 307 Temporary Redirect"
2026-03-31 21:40:37,907 | INFO | HTTP Request: HEAD https://huggingface.co/api/resolve-cache/models/WinKawaks/vit-tiny-patch16-224/77d1485af66b34d4ed0fe95dbb0c60c7496f950b/preprocessor_config.json "HTTP/1.1 200 OK"
2026-03-31 21:40:38,068 | INFO | HTTP Request: HEAD https://huggingface.co/WinKawaks/vit-tiny-patch16-224/resolve/main/config.json "HTTP/1.1 307 Temporary Redirect"
2026-03-31 21:40:38,081 | INFO | HTTP Request: HEAD https://huggingface.co/api/resolve-cache/models/WinKawaks/vit-tiny-patch16-224/77d1485af66b34d4ed0fe95dbb0c60c7496f950b/config.json "HTTP/1.1 200 OK"
2026-03-31 21:40:38,260 | INFO | HTTP Request: HEAD https://huggingface.co/WinKawaks/vit-tiny-patch16-224/resolve/main/processor_config.json "HTTP/1.1 404 Not Found"
2026-03-31 21:40:38,413 | INFO | HTTP Request: HEAD https://huggingface.co/WinKawaks/vit-tiny-patch16-224/resolve/main/preprocessor_config.json "HTTP/1.1 307 Temporary Redirect"
2026-03-31 21:40:38,429 | INFO | HTTP Request: HEAD https://huggingface.co/api/resolve-cache/models/WinKawaks/vit-tiny-patch16-224/77d1485af66b34d4ed0fe95dbb0c60c7496f950b/preprocessor_config.json "HTTP/1.1 200 OK"
2026-03-31 21:40:38,826 | INFO | Transforms applied successfully
2026-03-31 21:40:38,826 | INFO | Training augmentations: Flip, Rotation, Color Jitter, Affine
2026-03-31 21:40:38,828 | INFO | 
==================================================
2026-03-31 21:40:38,828 | INFO | STEP 4: Loading Pre-trained Model
2026-03-31 21:40:38,828 | INFO | ==================================================
2026-03-31 21:40:38,828 | INFO | Loading model: WinKawaks/vit-tiny-patch16-224
2026-03-31 21:40:38,994 | INFO | HTTP Request: HEAD https://huggingface.co/WinKawaks/vit-tiny-patch16-224/resolve/main/config.json "HTTP/1.1 307 Temporary Redirect"
2026-03-31 21:40:39,032 | INFO | HTTP Request: HEAD https://huggingface.co/api/resolve-cache/models/WinKawaks/vit-tiny-patch16-224/77d1485af66b34d4ed0fe95dbb0c60c7496f950b/config.json "HTTP/1.1 200 OK"
2026-03-31 21:40:40,226 | INFO | Total parameters: 5,524,802
2026-03-31 21:40:40,226 | INFO | Trainable parameters: 5,524,802
2026-03-31 21:40:40,226 | INFO | 
==================================================
2026-03-31 21:40:40,227 | INFO | STEP 5: Configuring Training
2026-03-31 21:40:40,227 | INFO | ==================================================
2026-03-31 21:40:40,282 | INFO | Learning Rate: 3e-05
2026-03-31 21:40:40,282 | INFO | Batch Size: 16
2026-03-31 21:40:40,282 | INFO | Epochs: 5
2026-03-31 21:40:40,282 | INFO | Warmup Steps: 1591
2026-03-31 21:40:47,208 | INFO | 
==================================================
2026-03-31 21:40:47,209 | INFO | STEP 6: Training Model
2026-03-31 21:40:47,209 | INFO | ==================================================
2026-03-31 22:48:40,657 | INFO | 
Training completed!
2026-03-31 22:48:40,659 | INFO | Total training time: 4073.28 seconds
2026-03-31 22:48:40,660 | INFO | 
==================================================
2026-03-31 22:48:40,660 | INFO | STEP 7: Evaluating Model
2026-03-31 22:48:40,660 | INFO | ==================================================
2026-03-31 22:48:40,661 | INFO | 
Detailed evaluation on validation set...
2026-03-31 22:50:04,096 | INFO | 
Classification Report (validation):
              precision    recall  f1-score   support

       awake       0.99      0.99      0.99      8591
      sleepy       0.99      0.99      0.99      8389

    accuracy                           0.99     16980
   macro avg       0.99      0.99      0.99     16980
weighted avg       0.99      0.99      0.99     16980

2026-03-31 22:50:05,532 | INFO | Confusion matrix saved to: ./models/vit-drowsiness-enhanced\confusion_matrix_validation.png
2026-03-31 22:50:05,532 | INFO | 
Detailed evaluation on test set...
2026-03-31 22:53:23,597 | INFO | 
Classification Report (test):
              precision    recall  f1-score   support

       awake       0.99      0.99      0.99      8591
      sleepy       0.99      0.99      0.99      8390

    accuracy                           0.99     16981
   macro avg       0.99      0.99      0.99     16981
weighted avg       0.99      0.99      0.99     16981

2026-03-31 22:53:24,009 | INFO | Confusion matrix saved to: ./models/vit-drowsiness-enhanced\confusion_matrix_test.png
2026-03-31 22:53:24,009 | INFO | 
==================================================
2026-03-31 22:53:24,009 | INFO | STEP 8: Saving Model and Results
2026-03-31 22:53:24,009 | INFO | ==================================================
2026-03-31 22:53:24,487 | INFO | Training history plot saved to: ./models/vit-drowsiness-enhanced\training_history.png
2026-03-31 22:53:24,487 | INFO | 
Model saved to: ./models/vit-drowsiness-enhanced
2026-03-31 22:53:24,487 | INFO | Configuration saved to: ./models/vit-drowsiness-enhanced\training_config.txt
2026-03-31 22:53:24,487 | INFO | 
======================================================================
2026-03-31 22:53:24,487 | INFO | TRAINING COMPLETE!
2026-03-31 22:53:24,487 | INFO | ======================================================================
2026-03-31 22:53:24,487 | ERROR | 
==================================================
2026-03-31 22:53:24,487 | ERROR | TRAINING FAILED!
2026-03-31 22:53:24,487 | ERROR | ==================================================
2026-03-31 22:53:24,487 | ERROR | Error: Unknown format code 'f' for object of type 'str'
2026-03-31 22:53:24,488 | ERROR | 
Troubleshooting tips:
2026-03-31 22:53:24,488 | ERROR | 1. Check that your data directory exists and has the correct structure
2026-03-31 22:53:24,488 | ERROR | 2. Ensure you have enough GPU memory (try reducing batch size)
2026-03-31 22:53:24,488 | ERROR | 3. Check your internet connection (model needs to be downloaded)
