2026-04-06 21:56:23,176 | INFO | Logging initialized. Log file: ./logs\training_20260406_215623.log
2026-04-06 21:56:24,636 | INFO | GPU Available: NVIDIA GeForce RTX 3050 Ti Laptop GPU
2026-04-06 21:56:24,636 | INFO | GPU Memory: 4.29 GB
2026-04-06 21:56:24,688 | INFO | 
==================================================
2026-04-06 21:56:24,688 | INFO | STEP 1: Loading Dataset
2026-04-06 21:56:24,688 | INFO | ==================================================
2026-04-06 21:56:24,688 | INFO | Loading dataset from: data
2026-04-06 21:56:25,500 | INFO | HTTP Request: HEAD https://s3.amazonaws.com/datasets.huggingface.co/datasets/datasets/imagefolder/imagefolder.py "HTTP/1.1 404 Not Found"
2026-04-06 21:56:57,944 | INFO | Dataset loaded successfully!
2026-04-06 21:56:57,946 | INFO | Available splits: ['train', 'validation', 'test']
2026-04-06 21:56:57,946 | INFO | Train size: 50937
2026-04-06 21:56:57,946 | INFO | Validation size: 16980
2026-04-06 21:56:57,946 | INFO | Test size: 16981
2026-04-06 21:56:57,946 | INFO | Using FULL dataset
2026-04-06 21:56:57,946 | INFO | 
==================================================
2026-04-06 21:56:57,946 | INFO | STEP 2: Setting Up Labels
2026-04-06 21:56:57,946 | INFO | ==================================================
2026-04-06 21:56:57,946 | INFO | Classes found: ['awake', 'sleepy']
2026-04-06 21:56:57,946 | INFO | Number of classes: 2
2026-04-06 21:56:57,946 | INFO | 
==================================================
2026-04-06 21:56:57,946 | INFO | STEP 3: Setting Up Image Transforms
2026-04-06 21:56:57,946 | INFO | ==================================================
2026-04-06 21:56:58,166 | INFO | HTTP Request: HEAD https://huggingface.co/WinKawaks/vit-tiny-patch16-224/resolve/main/processor_config.json "HTTP/1.1 404 Not Found"
2026-04-06 21:56:58,326 | INFO | HTTP Request: HEAD https://huggingface.co/WinKawaks/vit-tiny-patch16-224/resolve/main/preprocessor_config.json "HTTP/1.1 307 Temporary Redirect"
2026-04-06 21:56:58,346 | INFO | HTTP Request: HEAD https://huggingface.co/api/resolve-cache/models/WinKawaks/vit-tiny-patch16-224/77d1485af66b34d4ed0fe95dbb0c60c7496f950b/preprocessor_config.json "HTTP/1.1 200 OK"
2026-04-06 21:56:58,510 | INFO | HTTP Request: HEAD https://huggingface.co/WinKawaks/vit-tiny-patch16-224/resolve/main/config.json "HTTP/1.1 307 Temporary Redirect"
2026-04-06 21:56:58,538 | INFO | HTTP Request: HEAD https://huggingface.co/api/resolve-cache/models/WinKawaks/vit-tiny-patch16-224/77d1485af66b34d4ed0fe95dbb0c60c7496f950b/config.json "HTTP/1.1 200 OK"
2026-04-06 21:56:58,716 | INFO | HTTP Request: HEAD https://huggingface.co/WinKawaks/vit-tiny-patch16-224/resolve/main/processor_config.json "HTTP/1.1 404 Not Found"
2026-04-06 21:56:58,874 | INFO | HTTP Request: HEAD https://huggingface.co/WinKawaks/vit-tiny-patch16-224/resolve/main/preprocessor_config.json "HTTP/1.1 307 Temporary Redirect"
2026-04-06 21:56:58,890 | INFO | HTTP Request: HEAD https://huggingface.co/api/resolve-cache/models/WinKawaks/vit-tiny-patch16-224/77d1485af66b34d4ed0fe95dbb0c60c7496f950b/preprocessor_config.json "HTTP/1.1 200 OK"
2026-04-06 21:56:59,264 | INFO | Transforms applied successfully
2026-04-06 21:56:59,264 | INFO | Training augmentations: Flip, Rotation, Color Jitter, Affine
2026-04-06 21:56:59,264 | INFO | 
==================================================
2026-04-06 21:56:59,264 | INFO | STEP 4: Loading Pre-trained Model
2026-04-06 21:56:59,264 | INFO | ==================================================
2026-04-06 21:56:59,264 | INFO | Loading model: WinKawaks/vit-tiny-patch16-224
2026-04-06 21:56:59,416 | INFO | HTTP Request: HEAD https://huggingface.co/WinKawaks/vit-tiny-patch16-224/resolve/main/config.json "HTTP/1.1 307 Temporary Redirect"
2026-04-06 21:56:59,429 | INFO | HTTP Request: HEAD https://huggingface.co/api/resolve-cache/models/WinKawaks/vit-tiny-patch16-224/77d1485af66b34d4ed0fe95dbb0c60c7496f950b/config.json "HTTP/1.1 200 OK"
2026-04-06 21:57:01,094 | INFO | Total parameters: 5,524,802
2026-04-06 21:57:01,094 | INFO | Trainable parameters: 5,524,802
2026-04-06 21:57:01,094 | INFO | 
==================================================
2026-04-06 21:57:01,094 | INFO | STEP 5: Configuring Training
2026-04-06 21:57:01,096 | INFO | ==================================================
2026-04-06 21:57:01,161 | INFO | Learning Rate: 3e-05
2026-04-06 21:57:01,161 | INFO | Batch Size: 16
2026-04-06 21:57:01,161 | INFO | Epochs: 5
2026-04-06 21:57:01,161 | INFO | Warmup Steps: 1591
2026-04-06 21:57:06,440 | INFO | 
==================================================
2026-04-06 21:57:06,440 | INFO | STEP 6: Training Model
2026-04-06 21:57:06,440 | INFO | ==================================================
2026-04-06 22:37:02,354 | INFO | 
Training completed!
2026-04-06 22:37:02,354 | INFO | Total training time: 2395.78 seconds
2026-04-06 22:37:02,354 | INFO | 
==================================================
2026-04-06 22:37:02,354 | INFO | STEP 7: Evaluating Model
2026-04-06 22:37:02,354 | INFO | ==================================================
2026-04-06 22:37:02,354 | INFO | 
Detailed evaluation on validation set...
2026-04-06 22:37:35,578 | INFO | 
Classification Report (validation):
              precision    recall  f1-score   support

       awake       0.99      0.99      0.99      8591
      sleepy       0.99      0.99      0.99      8389

    accuracy                           0.99     16980
   macro avg       0.99      0.99      0.99     16980
weighted avg       0.99      0.99      0.99     16980

2026-04-06 22:37:36,314 | INFO | Confusion matrix saved to: ./models/vit-drowsiness-enhanced\confusion_matrix_validation.png
2026-04-06 22:37:36,314 | INFO | 
Detailed evaluation on test set...
2026-04-06 22:40:06,808 | INFO | 
Classification Report (test):
              precision    recall  f1-score   support

       awake       0.99      0.99      0.99      8591
      sleepy       0.99      0.99      0.99      8390

    accuracy                           0.99     16981
   macro avg       0.99      0.99      0.99     16981
weighted avg       0.99      0.99      0.99     16981

2026-04-06 22:40:06,980 | INFO | Confusion matrix saved to: ./models/vit-drowsiness-enhanced\confusion_matrix_test.png
2026-04-06 22:40:06,980 | INFO | 
==================================================
2026-04-06 22:40:06,980 | INFO | STEP 8: Saving Model and Results
2026-04-06 22:40:06,980 | INFO | ==================================================
2026-04-06 22:40:07,250 | INFO | Training history plot saved to: ./models/vit-drowsiness-enhanced\training_history.png
2026-04-06 22:40:07,250 | INFO | 
Model saved to: ./models/vit-drowsiness-enhanced
2026-04-06 22:40:07,250 | INFO | Configuration saved to: ./models/vit-drowsiness-enhanced\training_config.txt
2026-04-06 22:40:07,250 | INFO | 
======================================================================
2026-04-06 22:40:07,250 | INFO | TRAINING COMPLETE!
2026-04-06 22:40:07,250 | INFO | ======================================================================
2026-04-06 22:40:07,250 | ERROR | 
==================================================
2026-04-06 22:40:07,250 | ERROR | TRAINING FAILED!
2026-04-06 22:40:07,250 | ERROR | ==================================================
2026-04-06 22:40:07,250 | ERROR | Error: Unknown format code 'f' for object of type 'str'
2026-04-06 22:40:07,250 | ERROR | 
Troubleshooting tips:
2026-04-06 22:40:07,250 | ERROR | 1. Check that your data directory exists and has the correct structure
2026-04-06 22:40:07,250 | ERROR | 2. Ensure you have enough GPU memory (try reducing batch size)
2026-04-06 22:40:07,250 | ERROR | 3. Check your internet connection (model needs to be downloaded)
